## 1. How about GPU performance comparisons between Wind River Linux and Ubuntu?
* On Ubuntu:
```
root@wind-OptiPlex-9020:/home/wind# nvidia-smi 
Tue May 11 01:43:03 2021       
+-----------------------------------------------------------------------------+
| NVIDIA-SMI 460.73.01    Driver Version: 460.73.01    CUDA Version: 11.2     |
|-------------------------------+----------------------+----------------------+
| GPU  Name        Persistence-M| Bus-Id        Disp.A | Volatile Uncorr. ECC |
| Fan  Temp  Perf  Pwr:Usage/Cap|         Memory-Usage | GPU-Util  Compute M. |
|                               |                      |               MIG M. |
|===============================+======================+======================|
|   0  GeForce GTX 165...  Off  | 00000000:01:00.0  On |                  N/A |
| 33%   35C    P8     6W / 100W |    239MiB /  3878MiB |      0%      Default |
|                               |                      |                  N/A |
+-------------------------------+----------------------+----------------------+
                                                                               
+-----------------------------------------------------------------------------+
| Processes:                                                                  |
|  GPU   GI   CI        PID   Type   Process name                  GPU Memory |
|        ID   ID                                                   Usage      |
|=============================================================================|
|    0   N/A  N/A      1300      G   /usr/lib/xorg/Xorg                110MiB |
|    0   N/A  N/A      1438      G   /usr/bin/gnome-shell              126MiB |
+-----------------------------------------------------------------------------+
root@wind-OptiPlex-9020:/home/wind# 


wind@wind-OptiPlex-9020:~/2021CodingCamp$ cat gpu.txt 
root@wind-OptiPlex-9020:/home/wind# glmark2 
=======================================================
    glmark2 2014.03+git20150611.fa71af2d
=======================================================
    OpenGL Information
    GL_VENDOR:     NVIDIA Corporation
    GL_RENDERER:   GeForce GTX 1650 SUPER/PCIe/SSE2
    GL_VERSION:    4.6.0 NVIDIA 460.39
=======================================================
[build] use-vbo=false: FPS: 7188 FrameTime: 0.139 ms
[build] use-vbo=true: FPS: 10026 FrameTime: 0.100 ms
[texture] texture-filter=nearest: FPS: 9587 FrameTime: 0.104 ms
[texture] texture-filter=linear: FPS: 9322 FrameTime: 0.107 ms
[texture] texture-filter=mipmap: FPS: 8777 FrameTime: 0.114 ms
[shading] shading=gouraud: FPS: 10257 FrameTime: 0.097 ms
[shading] shading=blinn-phong-inf: FPS: 9516 FrameTime: 0.105 ms
[shading] shading=phong: FPS: 8741 FrameTime: 0.114 ms
[shading] shading=cel: FPS: 9283 FrameTime: 0.108 ms
[bump] bump-render=high-poly: FPS: 8314 FrameTime: 0.120 ms
[bump] bump-render=normals: FPS: 10228 FrameTime: 0.098 ms
[bump] bump-render=height: FPS: 11145 FrameTime: 0.090 ms
[effect2d] kernel=0,1,0;1,-4,1;0,1,0;: FPS: 8106 FrameTime: 0.123 ms
[effect2d] kernel=1,1,1,1,1;1,1,1,1,1;1,1,1,1,1;: FPS: 6568 FrameTime: 0.152 ms
[pulsar] light=false:quads=5:texture=false: FPS: 11348 FrameTime: 0.088 ms
[desktop] blur-radius=5:effect=blur:passes=1:separable=true:windows=4: FPS: 4895 FrameTime: 0.204 ms
[desktop] effect=shadow:windows=4: FPS: 7283 FrameTime: 0.137 ms
[buffer] columns=200:interleave=false:update-dispersion=0.9:update-fraction=0.5:update-method=map: FPS: 1186 FrameTime: 0.843 ms
[buffer] columns=200:interleave=false:update-dispersion=0.9:update-fraction=0.5:update-method=subdata: FPS: 1616 FrameTime: 0.619 ms
[buffer] columns=200:interleave=true:update-dispersion=0.9:update-fraction=0.5:update-method=map: FPS: 1542 FrameTime: 0.649 ms
[ideas] speed=duration: FPS: 8893 FrameTime: 0.112 ms
[jellyfish] <default>: FPS: 8345 FrameTime: 0.120 ms
[terrain] <default>: FPS: 901 FrameTime: 1.110 ms
[shadow] <default>: FPS: 7905 FrameTime: 0.127 ms
[refract] <default>: FPS: 2437 FrameTime: 0.410 ms
[conditionals] fragment-steps=0:vertex-steps=0: FPS: 10224 FrameTime: 0.098 ms
[conditionals] fragment-steps=5:vertex-steps=0: FPS: 10906 FrameTime: 0.092 ms
[conditionals] fragment-steps=0:vertex-steps=5: FPS: 10089 FrameTime: 0.099 ms
[function] fragment-complexity=low:fragment-steps=5: FPS: 10574 FrameTime: 0.095 ms
[function] fragment-complexity=medium:fragment-steps=5: FPS: 10938 FrameTime: 0.091 ms
[loop] fragment-loop=false:fragment-steps=5:vertex-steps=5: FPS: 8734 FrameTime: 0.114 ms
[loop] fragment-steps=5:fragment-uniform=false:vertex-steps=5: FPS: 9849 FrameTime: 0.102 ms
[loop] fragment-steps=5:fragment-uniform=true:vertex-steps=5: FPS: 10503 FrameTime: 0.095 ms
=======================================================
                                  glmark2 Score: 8037 
=======================================================

bandwidthTest 



oot@wind-OptiPlex-9020:/usr/local/cuda-11.2/samples/bin/x86_64/linux/release# ./bandwidthTest 
[CUDA Bandwidth Test] - Starting...
Running on...

 Device 0: GeForce GTX 1650 SUPER
 Quick Mode

 Host to Device Bandwidth, 1 Device(s)
 PINNED Memory Transfers
   Transfer Size (Bytes)	Bandwidth(GB/s)
   32000000			12.6

 Device to Host Bandwidth, 1 Device(s)
 PINNED Memory Transfers
   Transfer Size (Bytes)	Bandwidth(GB/s)
   32000000			12.7

 Device to Device Bandwidth, 1 Device(s)
 PINNED Memory Transfers
   Transfer Size (Bytes)	Bandwidth(GB/s)
   32000000			144.8

Result = PASS

NOTE: The CUDA Samples are not meant for performance measurements. Results may vary when GPU Boost is enabled.
root@wind-OptiPlex-9020:/usr/local/cuda-11.2/samples/bin/x86_64/linux/release# 



deviceQuery:

root@wind-OptiPlex-9020:/usr/local/cuda-11.2/samples/bin/x86_64/linux/release# ./deviceQuery
./deviceQuery Starting...

 CUDA Device Query (Runtime API) version (CUDART static linking)

Detected 1 CUDA Capable device(s)

Device 0: "GeForce GTX 1650 SUPER"
  CUDA Driver Version / Runtime Version          11.2 / 11.2
  CUDA Capability Major/Minor version number:    7.5
  Total amount of global memory:                 3878 MBytes (4066574336 bytes)
  (20) Multiprocessors, ( 64) CUDA Cores/MP:     1280 CUDA Cores
  GPU Max Clock rate:                            1755 MHz (1.75 GHz)
  Memory Clock rate:                             6001 Mhz
  Memory Bus Width:                              128-bit
  L2 Cache Size:                                 1048576 bytes
  Maximum Texture Dimension Size (x,y,z)         1D=(131072), 2D=(131072, 65536), 3D=(16384, 16384, 16384)
  Maximum Layered 1D Texture Size, (num) layers  1D=(32768), 2048 layers
  Maximum Layered 2D Texture Size, (num) layers  2D=(32768, 32768), 2048 layers
  Total amount of constant memory:               65536 bytes
  Total amount of shared memory per block:       49152 bytes
  Total shared memory per multiprocessor:        65536 bytes
  Total number of registers available per block: 65536
  Warp size:                                     32
  Maximum number of threads per multiprocessor:  1024
  Maximum number of threads per block:           1024
  Max dimension size of a thread block (x,y,z): (1024, 1024, 64)
  Max dimension size of a grid size    (x,y,z): (2147483647, 65535, 65535)
  Maximum memory pitch:                          2147483647 bytes
  Texture alignment:                             512 bytes
  Concurrent copy and kernel execution:          Yes with 3 copy engine(s)
  Run time limit on kernels:                     Yes
  Integrated GPU sharing Host Memory:            No
  Support host page-locked memory mapping:       Yes
  Alignment requirement for Surfaces:            Yes
  Device has ECC support:                        Disabled
  Device supports Unified Addressing (UVA):      Yes
  Device supports Managed Memory:                Yes
  Device supports Compute Preemption:            Yes
  Supports Cooperative Kernel Launch:            Yes
  Supports MultiDevice Co-op Kernel Launch:      Yes
  Device PCI Domain ID / Bus ID / location ID:   0 / 1 / 0
  Compute Mode:
     < Default (multiple host threads can use ::cudaSetDevice() with device simultaneously) >

deviceQuery, CUDA Driver = CUDART, CUDA Driver Version = 11.2, CUDA Runtime Version = 11.2, NumDevs = 1
Result = PASS


root@wind-OptiPlex-9020:/usr/local/cuda-11.2/samples/bin/x86_64/linux/release# ./matrixMul
[Matrix Multiply Using CUDA] - Starting...
GPU Device 0: "Turing" with compute capability 7.5

MatrixA(320,320), MatrixB(640,320)
Computing result using CUDA Kernel...
done
Performance= 430.11 GFlop/s, Time= 0.305 msec, Size= 131072000 Ops, WorkgroupSize= 1024 threads/block
Checking computed result for correctness: Result = PASS

NOTE: The CUDA Samples are not meant for performancemeasurements. Results may vary when GPU Boost is enabled.
root@wind-OptiPlex-9020:/usr/local/cuda-11.2/samples/bin/x86_64/linux/release# 
root@wind-OptiPlex-9020:/usr/local/cuda-11.2/samples/bin/x86_64/linux/release# ./matrixMulCUBLAS
[Matrix Multiply CUBLAS] - Starting...
GPU Device 0: "Turing" with compute capability 7.5

GPU Device 0: "GeForce GTX 1650 SUPER" with compute capability 7.5

MatrixA(640,480), MatrixB(480,320), MatrixC(640,320)
Computing result using CUBLAS...done.
Performance= 1701.12 GFlop/s, Time= 0.116 msec, Size= 196608000 Ops
Computing result using host CPU...done.
Comparing CUBLAS Matrix Multiply with CPU results: PASS


sudo /usr/local/cuda-X.Y/bin/uninstall_cuda_X.Y.pl
```

## 2. Can NVIDIA GPU run on any ARM based boards?

We tried to bring the NVIDIA Graphic Card in intel-socfpga-64 (ARM64) BSP target but failed.

The following were the steps.

* 1. Build kernel and rootfs image for intel-socfpga-64 BSP
```
$ /lpg-build/cdc/fast_prod/WRLINUX_MASTER_WR/MASTER_WR_GIT/wrlinux-10/setup.sh --machines=intel-socfpga-64 --templates=feature/xfce --dl-layers --accept-eula=yes
$ source environment-setup-x86_64-wrlinuxsdk-linux 
$ source oe-init-build-env
$ vi conf/local.conf

IMAGE_INSTALL_append = " libjpeg-turbo v4l-utils apt autoconf autoconf-archive automake binutils bison build-compare ccache chrpath cmake createrepo-c dejagnu desktop-file-utils diffstat distcc dmidecode dnf dosfstools dpkg dwarfsrcfiles e2fsprogs elfutils expect file flex gcc gdb git glide gnu-config go intltool json-c libcomps libdnf libedit libmodulemd librepo libtool m4 make makedevs meson mtools nasm ninja opkg opkg-utils orc patch patchelf perl prelink pseudo quilt rpm rsync ruby run-postinsts squashfs-tools strace subversion unifdef xmlto util-linux python3-pip python3-numpy python3-pkg-resources python3-setuptools libgcc make xz libcrypto libffi liblzma libssl libtirpc libmpc mpfr libunwind kernel-devsrc libmpc-dev gcc-plugins ncurses"


EXTRA_IMAGE_FEATURES ?= "debug-tweaks tools-sdk tools-debug"


$ vi ../layers/oe-core/meta/recipes-graphics/xorg-xserver/xserver-xorg.inc

OPENGL_PKGCONFIGS = "dri glx glamor dri3 xshmfence xinerama"
â€¦
#  180.0k  libwfb.so
#  320.0k  libxaa.so
...
PACKAGES =+ "${PN}-sdl \
             ${PN}-fbdev \
...
             ${PN}-module-exa \
             ${PN}-module-wfb \
             ${PN}-module-xaa \
             ${PN}-module-libxf1bpp \
             ${PN}-module-libxf4bpp \
             xf86-video-modesetting"
...
FILES_${PN}-module-libcfb = "${libdir}/xorg/modules/libcfb.so"
FILES_${PN}-module-exa = "${libdir}/xorg/modules/libexa.so"
FILES_${PN}-module-wfb = "${libdir}/xorg/modules/libwfb.so"
FILES_${PN}-module-xaa = "${libdir}/xorg/modules/libxaa.so"
$ bitbake wrlinux-image-std

```
* 2. Download arm64 driver for NVIDIA's GPU card

```
wget https://download.nvidia.com/XFree86/Linux-aarch64/460.73.01/NVIDIA-Linux-aarch64-460.73.01.run
```
* 3. Deploy FPGA PCIE supported Firmware on the target of Stratix10 target

Issues met were as below.

```
[    8.864335] nvidia 0000:01:00.0: enabling device (0000 -> 0002)
[    8.869277] nvidia 0000:01:00.0: vgaarb: changed VGA decodes: olddecodes=io+mem,decodes=none:owns=none
[    8.919669] NVRM: loading NVIDIA UNIX aarch64 Kernel Module  460.73.01  Thu Apr  1 21:51:06 UTC 2021
[   11.259484] socfpga-dwmac ff800000.ethernet eth0: PHY [stmmac-0:04] driver [Micrel KSZ9031 Gigabit PHY] (irq=POLL)
[   11.295497] socfpga-dwmac ff800000.ethernet eth0: No Safety Features support found
[   11.307540] socfpga-dwmac ff800000.ethernet eth0: IEEE 1588-2008 Advanced Timestamp supported
[   11.335577] socfpga-dwmac ff800000.ethernet eth0: registered PTP clock
[   11.351493] socfpga-dwmac ff800000.ethernet eth0: configuring for phy/rgmii link mode
[   11.979155] NVRM: GPU 0000:01:00.0: RmInitAdapter failed! (0x23:0xffff:624)
[   11.995636] NVRM: GPU 0000:01:00.0: rm_init_adapter failed, device minor number 0
[   12.049030] NVRM: GPU 0000:01:00.0: RmInitAdapter failed! (0x23:0xffff:624)
[   12.067657] NVRM: GPU 0000:01:00.0: rm_init_adapter failed, device minor number 0
[   13.413089] socfpga-dwmac ff800000.ethernet eth0: Link is Up - 100Mbps/Full - flow control rx/tx
[   13.420663] IPv6: ADDRCONF(NETDEV_CHANGE): eth0: link becomes ready
[   17.380299] NVRM: GPU 0000:01:00.0: RmInitAdapter failed! (0x23:0xffff:624)
[   17.386129] NVRM: GPU 0000:01:00.0: rm_init_adapter failed, device minor number 0
[   17.400816] NVRM: GPU 0000:01:00.0: RmInitAdapter failed! (0x23:0xffff:624)
[   17.406630] NVRM: GPU 0000:01:00.0: rm_init_adapter failed, device minor number 0
[   22.903199] NVRM: GPU 0000:01:00.0: RmInitAdapter failed! (0x23:0xffff:624)
[   22.909022] NVRM: GPU 0000:01:00.0: rm_init_adapter failed, device minor number 0
[   22.924024] NVRM: GPU 0000:01:00.0: RmInitAdapter failed! (0x23:0xffff:624)
[   22.929843] NVRM: GPU 0000:01:00.0: rm_init_adapter failed, device minor number 0
root@intel-socfpga-64:/NVIDIA-Linux-aarch64-460.73.01#


kernel parameter pci=realloc or pci=nocrs workaround it?
pci=realloc

pcie_aspm=off rcutree.rcu_idle_gp_delay=1

quiet rcutree.rcu_idle_gp_delay=1 mem_encrypt=off



pci=nocrs,noearly mem_encrypt=off 

quiet splash pci=nocrs,noearly mem_encrypt=off vt.handoff=1


Using the latest driver
https://us.download.nvidia.com/XFree86/aarch64/465.31/NVIDIA-Linux-aarch64-465.31.run





/usr/share/doc/NVIDIA_GLX-1.0/README.txt


[    1.982788] pci 0000:00:00.0: BAR 15: no space for [mem size 0x18000000 64bit pref]
[    1.982806] pci 0000:00:00.0: BAR 15: failed to assign [mem size 0x18000000 64bit pref]
[    1.982824] pci 0000:00:00.0: BAR 14: assigned [mem 0x90000000-0x917fffff]
[    1.982839] pci 0000:00:00.0: BAR 13: no space for [io  size 0x1000]
[    1.982853] pci 0000:00:00.0: BAR 13: failed to assign [io  size 0x1000]
[    1.982879] pci 0000:01:00.0: BAR 1: no space for [mem size 0x10000000 64bit pref]
[    1.982895] pci 0000:01:00.0: BAR 1: failed to assign [mem size 0x10000000 64bit pref]
[    1.982914] pci 0000:01:00.0: BAR 3: no space for [mem size 0x02000000 64bit pref]
[    1.982929] pci 0000:01:00.0: BAR 3: failed to assign [mem size 0x02000000 64bit pref]
[    1.982947] pci 0000:01:00.0: BAR 0: assigned [mem 0x90000000-0x90ffffff]
[    1.982989] pci 0000:01:00.0: BAR 6: assigned [mem 0x91000000-0x9107ffff pref]
[    1.983007] pci 0000:01:00.2: BAR 0: assigned [mem 0x91080000-0x910bffff 64bit pref]
[    1.983106] pci 0000:01:00.2: BAR 3: assigned [mem 0x910c0000-0x910cffff 64bit pref]
[    1.983203] pci 0000:01:00.1: BAR 0: assigned [mem 0x910d0000-0x910d3fff]
[    1.983243] pci 0000:01:00.3: BAR 0: assigned [mem 0x910d4000-0x910d4fff]
[    1.983281] pci 0000:01:00.0: BAR 5: no space for [io  size 0x0080]
[    1.983295] pci 0000:01:00.0: BAR 5: failed to assign [io  size 0x0080]
[    1.983313] pci 0000:00:00.0: PCI bridge to [bus 01]
[    1.983332] pci 0000:00:00.0:   bridge window [mem 0x90000000-0x917fffff]
[    1.983463] pcieport 0000:00:00.0: enabling device (0000 -> 0002)
[    1.983725] pcieport 0000:00:00.0: PME: Signaling with IRQ 42
[    1.984218] pci 0000:01:00.1: D0 power state depends on 0000:01:00.0
[    1.984747] pci 0000:01:00.2: D0 power state depends on 0000:01:00.0
[    1.985156] pci 0000:01:00.2: enabling device (0000 -> 0002)
[    1.985408] pci 0000:01:00.3: D0 power state depends on 0000:01:00.0
[    3.116975] ehci-pci: EHCI PCI platform driver
root@intel-socfpga-64:~# 

root@intel-socfpga-64:/proc/device-tree/soc/bridge@80000000# lspci 
00:00.0 PCI bridge: Altera Corporation Device e000 (rev 01)
01:00.0 VGA compatible controller: NVIDIA Corporation TU116 [GeForce GTX 1650 SUPER] (rev a1)
01:00.1 Audio device: NVIDIA Corporation TU116 High Definition Audio Controller (rev a1)
01:00.2 USB controller: NVIDIA Corporation TU116 USB 3.1 Host Controller (rev a1)
01:00.3 Serial bus controller [0c80]: NVIDIA Corporation TU116 USB Type-C UCSI Controller (rev a1)



[    0.000000] Booting Linux on physical CPU 0x0000000000 [0x410fd034]
[    0.000000] Linux version 5.10.35-yocto-standard (oe-user@oe-host) (aarch64-wrs-linux-gcc (GCC) 10.2.0, GNU ld (GNU Binutils) 2.36.1.20210209) #1 SMP PREEMPT Wed May 12 08:49:49 UTC 2021
[    0.000000] Machine model: SoCFPGA Stratix 10 SoCDK
[    0.000000] earlycon: uart0 at MMIO32 0x00000000ffc02000 (options '115200n8')
[    0.000000] printk: bootconsole [uart0] enabled
[    0.000000] efi: UEFI not found.
[    0.000000] Reserved memory: created DMA memory pool at 0x0000000000000000, size 16 MiB
[    0.000000] OF: reserved mem: initialized node svcbuffer@0, compatible id shared-dma-pool
[    0.000000] cma: Reserved 16 MiB at 0x000000007e800000
[    0.000000] Zone ranges:
[    0.000000]   DMA      [mem 0x0000000000000000-0x00000000ffffffff]
[    0.000000]   DMA32    empty
[    0.000000]   Normal   [mem 0x0000000100000000-0x00000001ffffffff]
[    0.000000] Movable zone start for each node
[    0.000000] Early memory node ranges
[    0.000000]   node   0: [mem 0x0000000000000000-0x0000000000ffffff]
[    0.000000]   node   0: [mem 0x0000000001000000-0x000000007fffffff]
[    0.000000]   node   0: [mem 0x0000000180000000-0x00000001ffffffff]
[    0.000000] Initmem setup node 0 [mem 0x0000000000000000-0x00000001ffffffff]
[    0.000000] On node 0 totalpages: 1048576
[    0.000000]   DMA zone: 8192 pages used for memmap
[    0.000000]   DMA zone: 0 pages reserved
[    0.000000]   DMA zone: 524288 pages, LIFO batch:63
[    0.000000]   Normal zone: 8192 pages used for memmap
[    0.000000]   Normal zone: 524288 pages, LIFO batch:63
[    0.000000] psci: probing for conduit method from DT.
[    0.000000] psci: PSCIv65535.65535 detected in firmware.
[    0.000000] psci: Using standard PSCI v0.2 function IDs
[    0.000000] psci: MIGRATE_INFO_TYPE not supported.
[    0.000000] psci: SMC Calling Convention v1.0
[    0.000000] percpu: Embedded 30 pages/cpu s82008 r8192 d32680 u122880
[    0.000000] pcpu-alloc: s82008 r8192 d32680 u122880 alloc=30*4096
[    0.000000] pcpu-alloc: [0] 0 [0] 1 [0] 2 [0] 3 
[    0.000000] Detected VIPT I-cache on CPU0
[    0.000000] CPU features: detected: ARM erratum 845719
[    0.000000] Built 1 zonelists, mobility grouping on.  Total pages: 1032192
[    0.000000] Kernel command line: earlycon panic=-1 root=/dev/mmcblk0p2 rw rootwait
[    0.000000] Dentry cache hash table entries: 524288 (order: 10, 4194304 bytes, linear)
[    0.000000] Inode-cache hash table entries: 262144 (order: 9, 2097152 bytes, linear)
[    0.000000] mem auto-init: stack:off, heap alloc:off, heap free:off
[    0.000000] software IO TLB: mapped [mem 0x000000007a800000-0x000000007e800000] (64MB)
[    0.000000] Memory: 3993020K/4194304K available (12416K kernel code, 1952K rwdata, 2936K rodata, 3968K init, 707K bss, 184900K reserved, 16384K cma-reserved)
[    0.000000] SLUB: HWalign=64, Order=0-3, MinObjects=0, CPUs=4, Nodes=1
[    0.000000] ftrace: allocating 38327 entries in 150 pages
[    0.000000] ftrace: allocated 150 pages with 4 groups
[    0.000000] rcu: Preemptible hierarchical RCU implementation.
[    0.000000] rcu: 	RCU event tracing is enabled.
[    0.000000] 	Trampoline variant of Tasks RCU enabled.
[    0.000000] 	Rude variant of Tasks RCU enabled.
[    0.000000] 	Tracing variant of Tasks RCU enabled.
[    0.000000] rcu: RCU calculated value of scheduler-enlistment delay is 25 jiffies.
[    0.000000] NR_IRQS: 64, nr_irqs: 64, preallocated irqs: 0
[    0.000000] GIC: Using split EOI/Deactivate mode
[    0.000000] random: get_random_bytes called from start_kernel+0x398/0x5a0 with crng_init=0
[    0.000000] arch_timer: cp15 timer(s) running at 400.00MHz (phys).
[    0.000000] clocksource: arch_sys_counter: mask: 0xffffffffffffff max_cycles: 0x5c4093a7d1, max_idle_ns: 440795210635 ns
[    0.000005] sched_clock: 56 bits at 400MHz, resolution 2ns, wraps every 4398046511103ns
[    0.006873] Console: colour dummy device 80x25
[    0.010003] printk: console [tty0] enabled
[    0.012805] printk: bootconsole [uart0] disabled
[    0.016133] Calibrating delay loop (skipped), value calculated using timer frequency.. 800.00 BogoMIPS (lpj=1600000)
[    0.016158] pid_max: default: 32768 minimum: 301
[    0.016270] LSM: Security Framework initializing
[    0.016447] Mount-cache hash table entries: 8192 (order: 4, 65536 bytes, linear)
[    0.016482] Mountpoint-cache hash table entries: 8192 (order: 4, 65536 bytes, linear)
[    0.018402] rcu: Hierarchical SRCU implementation.
[    0.018937] EFI services will not be available.
[    0.019176] smp: Bringing up secondary CPUs ...
[    0.019718] Detected VIPT I-cache on CPU1
[    0.019781] CPU1: Booted secondary processor 0x0000000001 [0x410fd034]
[    0.020386] Detected VIPT I-cache on CPU2
[    0.020419] CPU2: Booted secondary processor 0x0000000002 [0x410fd034]
[    0.021026] Detected VIPT I-cache on CPU3
[    0.021057] CPU3: Booted secondary processor 0x0000000003 [0x410fd034]
[    0.021167] smp: Brought up 1 node, 4 CPUs
[    0.021210] SMP: Total of 4 processors activated.
[    0.021222] CPU features: detected: 32-bit EL0 Support
[    0.021234] CPU features: detected: CRC32 instructions
[    0.021293] CPU: All CPU(s) started at EL2
[    0.021322] alternatives: patching kernel code
[    0.022073] devtmpfs: initialized
[    0.025870] clocksource: jiffies: mask: 0xffffffff max_cycles: 0xffffffff, max_idle_ns: 7645041785100000 ns
[    0.025906] futex hash table entries: 1024 (order: 4, 65536 bytes, linear)
[    0.027054] DMI not present or invalid.
[    0.027522] NET: Registered protocol family 16
[    0.029220] DMA: preallocated 512 KiB GFP_KERNEL pool for atomic allocations
[    0.029405] DMA: preallocated 512 KiB GFP_KERNEL|GFP_DMA pool for atomic allocations
[    0.029754] DMA: preallocated 512 KiB GFP_KERNEL|GFP_DMA32 pool for atomic allocations
[    0.030428] cpuidle: using governor ladder
[    0.030522] hw-breakpoint: found 6 breakpoint and 4 watchpoint registers.
[    0.030627] ASID allocator initialised with 65536 entries
[    0.117048] raid6: neonx8   gen()  1740 MB/s
[    0.185140] raid6: neonx8   xor()  1287 MB/s
[    0.253247] raid6: neonx4   gen()  1788 MB/s
[    0.321355] raid6: neonx4   xor()  1263 MB/s
[    0.389469] raid6: neonx2   gen()  1683 MB/s
[    0.457569] raid6: neonx2   xor()  1157 MB/s
[    0.525684] raid6: neonx1   gen()  1446 MB/s
[    0.593785] raid6: neonx1   xor()   990 MB/s
[    0.661889] raid6: int64x8  gen()  1198 MB/s
[    0.729991] raid6: int64x8  xor()   642 MB/s
[    0.798114] raid6: int64x4  gen()  1335 MB/s
[    0.866231] raid6: int64x4  xor()   682 MB/s
[    0.934319] raid6: int64x2  gen()  1166 MB/s
[    1.002378] raid6: int64x2  xor()   625 MB/s
[    1.070478] raid6: int64x1  gen()   862 MB/s
[    1.138554] raid6: int64x1  xor()   431 MB/s
[    1.138566] raid6: using algorithm neonx4 gen() 1788 MB/s
[    1.138577] raid6: .... xor() 1263 MB/s, rmw enabled
[    1.138589] raid6: using neon recovery algorithm
[    1.139639] iommu: Default domain type: Translated 
[    1.139837] vgaarb: loaded
[    1.140071] SCSI subsystem initialized
[    1.140297] usbcore: registered new interface driver usbfs
[    1.140351] usbcore: registered new interface driver hub
[    1.140396] usbcore: registered new device driver usb
[    1.140548] usb_phy_generic soc:usbphy@0: supply vcc not found, using dummy regulator
[    1.141027] pps_core: LinuxPPS API ver. 1 registered
[    1.141040] pps_core: Software ver. 5.3.6 - Copyright 2005-2007 Rodolfo Giometti <giometti@linux.it>
[    1.141068] PTP clock support registered
[    1.141260] EDAC MC: Ver: 3.0.0
[    1.142358] Intel Service Layer Driver Initialized
[    1.142505] FPGA manager framework
[    1.143552] clocksource: Switched to clocksource arch_sys_counter
[    1.899539] NET: Registered protocol family 2
[    1.900249] tcp_listen_portaddr_hash hash table entries: 2048 (order: 3, 32768 bytes, linear)
[    1.900319] TCP established hash table entries: 32768 (order: 6, 262144 bytes, linear)
[    1.900631] TCP bind hash table entries: 32768 (order: 7, 524288 bytes, linear)
[    1.901124] TCP: Hash tables configured (established 32768 bind 32768)
[    1.901265] UDP hash table entries: 2048 (order: 4, 65536 bytes, linear)
[    1.901366] UDP-Lite hash table entries: 2048 (order: 4, 65536 bytes, linear)
[    1.901622] NET: Registered protocol family 1
[    1.902087] RPC: Registered named UNIX socket transport module.
[    1.902101] RPC: Registered udp transport module.
[    1.902112] RPC: Registered tcp transport module.
[    1.902122] RPC: Registered tcp NFSv4.1 backchannel transport module.
[    1.902144] PCI: CLS 0 bytes, default 64
[    1.903148] hw perfevents: enabled with armv8_pmuv3 PMU driver, 7 counters available
[    1.904652] workingset: timestamp_bits=46 max_order=20 bucket_order=0
[    1.912080] NFS: Registering the id_resolver key type
[    1.912122] Key type id_resolver registered
[    1.912133] Key type id_legacy registered
[    1.912804] Key type cifs.idmap registered
[    1.956650] xor: measuring software checksum speed
[    1.961693]    8regs           :  1968 MB/sec
[    1.965934]    32regs          :  2331 MB/sec
[    1.971666]    arm64_neon      :  1726 MB/sec
[    1.971678] xor: using function: 32regs (2331 MB/sec)
[    1.971695] async_tx: api initialized (async)
[    1.971743] Block layer SCSI generic (bsg) driver version 0.4 loaded (major 248)
[    1.971761] io scheduler mq-deadline registered
[    1.971773] io scheduler kyber registered
[    1.972362] gpio-dwapb ffc03300.gpio: Cannot get reset descriptor
[    1.972788] altera-pcie a0000000.pcie: host bridge /soc/bridge@80000000/pcie@200000000 ranges:
[    1.972852] altera-pcie a0000000.pcie:      MEM 0x0090000000..0x0097ffffff -> 0x0000000000
[    1.973094] altera-pcie a0000000.pcie: PCI host bridge to bus 0000:00
[    1.973116] pci_bus 0000:00: root bus resource [bus 00-ff]
[    1.973134] pci_bus 0000:00: root bus resource [mem 0x90000000-0x97ffffff] (bus address [0x00000000-0x07ffffff])
[    1.973210] pci 0000:00:00.0: [1172:e000] type 01 class 0x060400
[    1.973284] pci 0000:00:00.0: enabling Extended Tags
[    1.974563] pci 0000:00:00.0: bridge configuration invalid ([bus 00-00]), reconfiguring
[    1.974979] pci 0000:01:00.0: [10de:2187] type 00 class 0x030000
[    1.975124] pci 0000:01:00.0: reg 0x10: [mem 0x90000000-0x90ffffff]
[    1.975243] pci 0000:01:00.0: reg 0x14: [mem 0x00000000-0x0fffffff 64bit pref]
[    1.975361] pci 0000:01:00.0: reg 0x1c: [mem 0x90000000-0x91ffffff 64bit pref]
[    1.975435] pci 0000:01:00.0: reg 0x24: [io  0x0000-0x007f]
[    1.975507] pci 0000:01:00.0: reg 0x30: [mem 0x90000000-0x9007ffff pref]
[    1.976305] pci 0000:01:00.0: PME# supported from D0 D3hot D3cold
[    1.976844] pci 0000:01:00.0: 63.008 Gb/s available PCIe bandwidth, limited by 8.0 GT/s PCIe x8 link at 0000:00:00.0 (capable of 126.016 Gb/s with 8.0 GT/s PCIe x16 link)
[    1.977013] pci 0000:01:00.0: vgaarb: VGA device added: decodes=io+mem,owns=none,locks=none
[    1.977225] pci 0000:01:00.1: [10de:1aeb] type 00 class 0x040300
[    1.977368] pci 0000:01:00.1: reg 0x10: [mem 0x90000000-0x90003fff]
[    1.978707] pci 0000:01:00.2: [10de:1aec] type 00 class 0x0c0330
[    1.978898] pci 0000:01:00.2: reg 0x10: [mem 0x90000000-0x9003ffff 64bit pref]
[    1.979074] pci 0000:01:00.2: reg 0x1c: [mem 0x90000000-0x9000ffff 64bit pref]
[    1.979742] pci 0000:01:00.2: PME# supported from D0 D3hot D3cold
[    1.980265] pci 0000:01:00.3: [10de:1aed] type 00 class 0x0c8000
[    1.980409] pci 0000:01:00.3: reg 0x10: [mem 0x90000000-0x90000fff]
[    1.981285] pci 0000:01:00.3: PME# supported from D0 D3hot D3cold
[    1.982738] pci_bus 0000:01: busn_res: [bus 01-ff] end is updated to 01
[    1.982788] pci 0000:00:00.0: BAR 15: no space for [mem size 0x18000000 64bit pref]
[    1.982806] pci 0000:00:00.0: BAR 15: failed to assign [mem size 0x18000000 64bit pref]
[    1.982824] pci 0000:00:00.0: BAR 14: assigned [mem 0x90000000-0x917fffff]
[    1.982839] pci 0000:00:00.0: BAR 13: no space for [io  size 0x1000]
[    1.982853] pci 0000:00:00.0: BAR 13: failed to assign [io  size 0x1000]
[    1.982879] pci 0000:01:00.0: BAR 1: no space for [mem size 0x10000000 64bit pref]
[    1.982895] pci 0000:01:00.0: BAR 1: failed to assign [mem size 0x10000000 64bit pref]
[    1.982914] pci 0000:01:00.0: BAR 3: no space for [mem size 0x02000000 64bit pref]
[    1.982929] pci 0000:01:00.0: BAR 3: failed to assign [mem size 0x02000000 64bit pref]
[    1.982947] pci 0000:01:00.0: BAR 0: assigned [mem 0x90000000-0x90ffffff]
[    1.982989] pci 0000:01:00.0: BAR 6: assigned [mem 0x91000000-0x9107ffff pref]
[    1.983007] pci 0000:01:00.2: BAR 0: assigned [mem 0x91080000-0x910bffff 64bit pref]
[    1.983106] pci 0000:01:00.2: BAR 3: assigned [mem 0x910c0000-0x910cffff 64bit pref]
[    1.983203] pci 0000:01:00.1: BAR 0: assigned [mem 0x910d0000-0x910d3fff]
[    1.983243] pci 0000:01:00.3: BAR 0: assigned [mem 0x910d4000-0x910d4fff]
[    1.983281] pci 0000:01:00.0: BAR 5: no space for [io  size 0x0080]
[    1.983295] pci 0000:01:00.0: BAR 5: failed to assign [io  size 0x0080]
[    1.983313] pci 0000:00:00.0: PCI bridge to [bus 01]
[    1.983332] pci 0000:00:00.0:   bridge window [mem 0x90000000-0x917fffff]
[    1.983463] pcieport 0000:00:00.0: enabling device (0000 -> 0002)
[    1.983725] pcieport 0000:00:00.0: PME: Signaling with IRQ 42
[    1.984218] pci 0000:01:00.1: D0 power state depends on 0000:01:00.0
[    1.984747] pci 0000:01:00.2: D0 power state depends on 0000:01:00.0
[    1.985156] pci 0000:01:00.2: enabling device (0000 -> 0002)
[    1.985408] pci 0000:01:00.3: D0 power state depends on 0000:01:00.0
[    1.986771] Serial: 8250/16550 driver, 4 ports, IRQ sharing enabled
[    1.988142] ffc02000.serial: ttyS0 at MMIO 0xffc02000 (irq = 33, base_baud = 6250000) is a 16550A
[    2.909901] printk: console [ttyS0] enabled
[    2.913920] cacheinfo: Unable to detect cache hierarchy for CPU 0
[    2.926228] brd: module loaded
[    2.936696] loop: module loaded
[    2.940109] spi-nor spi0.0: mt25qu02g (262144 Kbytes)
[    2.943909] 2 fixed-partitions partitions found on MTD device ff8d2000.spi.0
[    2.949646] Creating 2 MTD partitions on "ff8d2000.spi.0":
[    2.953827] 0x000000910000-0x000100010000 : "Boot and fpga data"
[    2.958526] mtd: partition "Boot and fpga data" extends beyond the end of device "ff8d2000.spi.0" -- size truncated to 0xf6f0000
[    2.980416] 0x000003fe0000-0x000010000000 : "Root Filesystem - JFFS2"
[    2.993400] libphy: Fixed MDIO Bus: probed
[    2.996664] socfpga-dwmac ff800000.ethernet: IRQ eth_wake_irq not found
[    3.001975] socfpga-dwmac ff800000.ethernet: IRQ eth_lpi not found
[    3.007232] socfpga-dwmac ff800000.ethernet: User ID: 0x11, Synopsys ID: 0x37
[    3.013069] socfpga-dwmac ff800000.ethernet: 	DWMAC1000
[    3.016993] socfpga-dwmac ff800000.ethernet: DMA HW capability register supported
[    3.023163] socfpga-dwmac ff800000.ethernet: RX Checksum Offload Engine supported
[    3.029331] socfpga-dwmac ff800000.ethernet: COE Type 2
[    3.033251] socfpga-dwmac ff800000.ethernet: TX Checksum insertion supported
[    3.038988] socfpga-dwmac ff800000.ethernet: Enhanced/Alternate descriptors
[    3.044638] socfpga-dwmac ff800000.ethernet: Enabled extended descriptors
[    3.050115] socfpga-dwmac ff800000.ethernet: Ring mode enabled
[    3.054646] socfpga-dwmac ff800000.ethernet: Enable RX Mitigation via HW Watchdog Timer
[    3.061342] socfpga-dwmac ff800000.ethernet: device MAC address 76:fe:28:b7:30:4e
[    3.068013] libphy: stmmac: probed
[    3.073035] dwc2 ffb00000.usb: supply vusb_d not found, using dummy regulator
[    3.078995] dwc2 ffb00000.usb: supply vusb_a not found, using dummy regulator
[    3.085125] dwc2 ffb00000.usb: EPs: 16, dedicated fifos, 8064 entries in SPRAM
[    3.091322] dwc2 ffb00000.usb: DWC OTG Controller
[    3.094767] dwc2 ffb00000.usb: new USB bus registered, assigned bus number 1
[    3.100531] dwc2 ffb00000.usb: irq 34, io mem 0xffb00000
[    3.105220] hub 1-0:1.0: USB hub found
[    3.107704] hub 1-0:1.0: 1 port detected
[    3.111722] ehci_hcd: USB 2.0 'Enhanced' Host Controller (EHCI) Driver
[    3.116975] ehci-pci: EHCI PCI platform driver
[    3.120159] ehci-platform: EHCI generic platform driver
[    3.124847] xhci_hcd 0000:01:00.2: enabling device (0000 -> 0002)
[    3.129737] xhci_hcd 0000:01:00.2: xHCI Host Controller
[    3.133672] xhci_hcd 0000:01:00.2: new USB bus registered, assigned bus number 2
[    3.140450] xhci_hcd 0000:01:00.2: hcc params 0x0180ff05 hci version 0x110 quirks 0x0000000000000010
[    3.149435] hub 2-0:1.0: USB hub found
[    3.151924] hub 2-0:1.0: 2 ports detected
[    3.155096] xhci_hcd 0000:01:00.2: xHCI Host Controller
[    3.159030] xhci_hcd 0000:01:00.2: new USB bus registered, assigned bus number 3
[    3.165124] xhci_hcd 0000:01:00.2: Host supports USB 3.1 Enhanced SuperSpeed
[    3.170936] usb usb3: We don't know the algorithms for LPM for this host, disabling LPM.
[    3.178190] hub 3-0:1.0: USB hub found
[    3.180678] hub 3-0:1.0: 4 ports detected
[    3.184257] usbcore: registered new interface driver usb-storage
[    3.189871] i2c /dev entries driver
[    3.193258] device-mapper: ioctl: 4.43.0-ioctl (2020-10-01) initialised: dm-devel@redhat.com
[    3.201228] EDAC DEVICE0: Giving out device to module sdramedac controller Altera ECC Manager: DEV sdramedac (INTERRUPT)
[    3.211128] sdhci: Secure Digital Host Controller Interface driver
[    3.216112] sdhci: Copyright(c) Pierre Ossman
[    3.219158] Synopsys Designware Multimedia Card Interface Driver
[    3.224098] dw_mmc ff808000.dwmmc0: IDMAC supports 32-bit address mode.
[    3.227596] sdhci-pltfm: SDHCI platform and OF driver helper
[    3.229419] dw_mmc ff808000.dwmmc0: Using internal DMA controller.
[    3.238677] dw_mmc ff808000.dwmmc0: Version ID is 280a
[    3.242558] dw_mmc ff808000.dwmmc0: DW MMC controller at irq 19,32 bit host data width,1024 deep fifo
[    3.251787] mmc_host mmc0: card is polling.
[    3.257120] usbcore: registered new interface driver usbhid
[    3.261391] usbhid: USB HID core driver
[    3.264219] fpga_manager fpga0: Stratix10 SOC FPGA Manager registered
[    3.269367] mmc_host mmc0: Bus speed (slot 0) = 50000000Hz (slot req 400000Hz, actual 396825HZ div = 63)
[    3.271690] u32 classifier
[    3.278928]     input device check on
[    3.281307]     Actions configured
[    3.284049] NET: Registered protocol family 10
[    3.290130] Segment Routing with IPv6
[    3.292582] sit: IPv6, IPv4 and MPLS over IPv4 tunneling driver
[    3.297733] NET: Registered protocol family 17
[    3.301003] Bridge firewalling registered
[    3.303820] Key type dns_resolver registered
[    3.306943] NET: Registered protocol family 40
[    3.310541] Key type ._fscrypt registered
[    3.313268] Key type .fscrypt registered
[    3.315902] Key type fscrypt-provisioning registered
[    3.320536] Btrfs loaded, crc32c=crc32c-generic
[    3.324712] Key type encrypted registered
[    3.330551] dma-pl330 ffda0000.pdma: Loaded driver for PL330 DMAC-341330
[    3.335952] dma-pl330 ffda0000.pdma: 	DBUFF-512x8bytes Num_Chans-8 Num_Peri-32 Num_Events-8
[    3.350994] mmc_host mmc0: Bus speed (slot 0) = 50000000Hz (slot req 50000000Hz, actual 50000000HZ div = 0)
[    3.352775] at24 0-0051: supply vcc not found, using dummy regulator
[    3.364521] mmc0: new high speed SDXC card at address 0001
[    3.365252] at24 0-0051: 4096 byte 24c32 EEPROM, writable, 32 bytes/write
[    3.374789] mmcblk0: mmc0:0001 SD64G 58.2 GiB 
[    3.377559] rtc-ds1307 0-0068: registered as rtc0
[    3.382233]  mmcblk0: p1 p2
[    3.383736] rtc-ds1307 0-0068: setting system clock to 2000-01-01T01:11:22 UTC (946689082)
[    3.391054] of-fpga-region soc:base_fpga_region: FPGA Region probed
[    3.397388] printk: console [netcon0] enabled
[    3.400466] netconsole: network logging started
[    3.403698] of_cfs_init
[    3.404933] of_cfs_init: OK
[    3.406826] dw-apb-uart ffc02000.serial: forbid DMA for kernel console
[    3.412144] md: Waiting for all devices to be available before autodetect
[    3.417641] md: If you don't use raid, use raid=noautodetect
[    3.422016] md: Autodetecting RAID arrays.
[    3.424835] md: autorun ...
[    3.426325] md: ... autorun DONE.
[    3.448891] EXT4-fs (mmcblk0p2): mounted filesystem with ordered data mode. Opts: (null)
[    3.455741] VFS: Mounted root (ext4 filesystem) on device 179:2.
[    3.461431] devtmpfs: mounted
[    3.467504] Freeing unused kernel memory: 3968K
[    3.470862] Run /sbin/init as init process
[    3.473659]   with arguments:
[    3.473663]     /sbin/init
[    3.473667]   with environment:
[    3.473671]     HOME=/
[    3.473676]     TERM=linux
[    3.559880] random: fast init done
[    3.857119] systemd[1]: System time before build time, advancing clock.
[    3.922285] systemd[1]: systemd 247.4+ running in system mode. (+PAM -AUDIT -SELINUX +IMA -APPARMOR -SMACK +SYSVINIT +UTMP -LIBCRYPTSETUP -GCRYPT -GNUTLS +ACL +XZ -LZ4 -ZSTD -SECCOMP +BLKID -ELFUTILS +KMOD -IDN2 -IDN -PCRE2 default-hierarchy=hybrid)
[    3.943571] systemd[1]: Detected architecture arm64.
[    3.955582] usb 1-1: new high-speed USB device number 2 using dwc2
[    3.988465] systemd[1]: Set hostname to <intel-socfpga-64>.
[    4.180625] usb-storage 1-1:1.0: USB Mass Storage device detected
[    4.185946] scsi host0: usb-storage 1-1:1.0
[    4.472783] systemd[1]: Queued start job for default target Graphical Interface.
[    4.480253] random: systemd: uninitialized urandom read (16 bytes read)
[    4.518567] systemd[1]: Created slice system-getty.slice.
[    4.531814] random: systemd: uninitialized urandom read (16 bytes read)
[    4.538774] systemd[1]: Created slice system-modprobe.slice.
[    4.551683] random: systemd: uninitialized urandom read (16 bytes read)
[    4.558548] systemd[1]: Created slice system-serial\x2dgetty.slice.
[    4.577249] systemd[1]: Created slice User and Session Slice.
[    4.592005] systemd[1]: Started Dispatch Password Requests to Console Directory Watch.
[    4.607837] systemd[1]: Started Forward Password Requests to Wall Directory Watch.
[    4.624020] systemd[1]: Reached target Paths.
[    4.635704] systemd[1]: Reached target Remote File Systems.
[    4.651682] systemd[1]: Reached target Slices.
[    4.663705] systemd[1]: Reached target Swap.
[    4.692973] systemd[1]: Listening on RPCbind Server Activation Socket.
[    4.707819] systemd[1]: Reached target RPC Port Mapper.
[    4.725144] systemd[1]: Listening on Syslog Socket.
[    4.743944] systemd[1]: Listening on initctl Compatibility Named Pipe.
[    4.763186] systemd[1]: Condition check resulted in Journal Audit Socket being skipped.
[    4.770561] systemd[1]: Listening on Journal Socket (/dev/log).
[    4.784205] systemd[1]: Listening on Journal Socket.
[    4.800341] systemd[1]: Listening on Network Service Netlink Socket.
[    4.816267] systemd[1]: Listening on udev Control Socket.
[    4.832029] systemd[1]: Listening on udev Kernel Socket.
[    4.848025] systemd[1]: Listening on User Database Manager Socket.
[    4.864197] systemd[1]: Condition check resulted in Huge Pages File System being skipped.
[    4.874916] systemd[1]: Mounting POSIX Message Queue File System...
[    4.899882] systemd[1]: Mounting Kernel Debug File System...
[    4.919810] systemd[1]: Mounting Kernel Trace File System...
[    4.940589] systemd[1]: Mounting Temporary Directory (/tmp)...
[    4.960888] systemd[1]: Starting Create list of static device nodes for the current kernel...
[    4.983911] systemd[1]: Starting Load Kernel Module configfs...
[    5.003808] systemd[1]: Starting Load Kernel Module drm...
[    5.023863] systemd[1]: Starting Load Kernel Module fuse...
[    5.043280] fuse: init (API version 7.32)
[    5.044564] systemd[1]: Starting RPC Bind...
[    5.059943] systemd[1]: Condition check resulted in File System Check on Root Device being skipped.
[    5.074478] systemd[1]: Starting Journal Service...
[    5.106238] systemd[1]: Starting Load Kernel Modules...
[    5.124231] systemd[1]: Starting Remount Root and Kernel File Systems...
[    5.144907] systemd[1]: Starting Coldplug All udev Devices...
[    5.157281] EXT4-fs (mmcblk0p2): re-mounted. Opts: (null)
[    5.171763] systemd[1]: Started RPC Bind.
[    5.177398] openvswitch: Open vSwitch switching datapath
[    5.188530] systemd[1]: Mounted POSIX Message Queue File System.
[    5.204656] systemd[1]: Mounted Kernel Debug File System.
[    5.221242] scsi 0:0:0:0: Direct-Access     Generic- SD/MMC           1.00 PQ: 0 ANSI: 0 CCS
[    5.229268] systemd[1]: Mounted Kernel Trace File System.
[    5.244316] systemd[1]: Started Journal Service.
[    5.424686] systemd-journald[143]: Received client request to flush runtime journal.
[    5.855286] sd 0:0:0:0: [sda] 30244864 512-byte logical blocks: (15.5 GB/14.4 GiB)
[    5.862581] sd 0:0:0:0: [sda] Write Protect is off
[    5.872427] sd 0:0:0:0: [sda] Mode Sense: 03 00 00 00
[    5.872915] sd 0:0:0:0: [sda] No Caching mode page found
[    5.882816] sd 0:0:0:0: [sda] Assuming drive cache: write through
[    5.918708]  sda: sda1
[    5.927304] sd 0:0:0:0: [sda] Attached SCSI removable disk
[    5.995594] nvidia_drm: loading out-of-tree module taints kernel.
[    6.000634] nvidia_drm: module license 'MIT' taints kernel.
[    6.004973] Disabling lock debugging due to kernel taint
[    7.831597] random: crng init done
[    7.833728] random: 7 urandom warning(s) missed due to ratelimiting
[    8.227303] FAT-fs (mmcblk0p1): Volume was not properly unmounted. Some data may be corrupt. Please run fsck.
[    8.389846] nvidia-nvlink: Nvlink Core is being initialized, major device number 245

[    8.400353] nvidia 0000:01:00.0: enabling device (0000 -> 0002)
[    8.406398] nvidia 0000:01:00.0: vgaarb: changed VGA decodes: olddecodes=io+mem,decodes=none:owns=none
[    8.469193] NVRM: loading NVIDIA UNIX aarch64 Kernel Module  465.31  Thu May 13 22:39:49 UTC 2021
[   10.935596] socfpga-dwmac ff800000.ethernet eth0: PHY [stmmac-0:04] driver [Micrel KSZ9031 Gigabit PHY] (irq=POLL)
[   10.967589] socfpga-dwmac ff800000.ethernet eth0: No Safety Features support found
[   10.973912] socfpga-dwmac ff800000.ethernet eth0: IEEE 1588-2008 Advanced Timestamp supported
[   11.000311] socfpga-dwmac ff800000.ethernet eth0: registered PTP clock
[   11.019717] socfpga-dwmac ff800000.ethernet eth0: configuring for phy/rgmii link mode
[   11.619188] NVRM: GPU 0000:01:00.0: RmInitAdapter failed! (0x23:0xffff:643)
[   11.635842] NVRM: GPU 0000:01:00.0: rm_init_adapter failed, device minor number 0
[   11.695263] NVRM: GPU 0000:01:00.0: RmInitAdapter failed! (0x23:0xffff:643)
[   11.711834] NVRM: GPU 0000:01:00.0: rm_init_adapter failed, device minor number 0
[   13.093233] socfpga-dwmac ff800000.ethernet eth0: Link is Up - 100Mbps/Full - flow control rx/tx
[   13.100784] IPv6: ADDRCONF(NETDEV_CHANGE): eth0: link becomes ready
[   16.942945] NVRM: GPU 0000:01:00.0: RmInitAdapter failed! (0x23:0xffff:643)
[   16.948800] NVRM: GPU 0000:01:00.0: rm_init_adapter failed, device minor number 0
[   16.964353] NVRM: GPU 0000:01:00.0: RmInitAdapter failed! (0x23:0xffff:643)
[   16.970209] NVRM: GPU 0000:01:00.0: rm_init_adapter failed, device minor number 0
[   22.300174] NVRM: GPU 0000:01:00.0: RmInitAdapter failed! (0x23:0xffff:643)
[   22.306004] NVRM: GPU 0000:01:00.0: rm_init_adapter failed, device minor number 0
[   22.321013] NVRM: GPU 0000:01:00.0: RmInitAdapter failed! (0x23:0xffff:643)
[   22.326830] NVRM: GPU 0000:01:00.0: rm_init_adapter failed, device minor number 0
[   27.802498] NVRM: GPU 0000:01:00.0: RmInitAdapter failed! (0x23:0xffff:643)
[   27.808327] NVRM: GPU 0000:01:00.0: rm_init_adapter failed, device minor number 0
[   27.823006] NVRM: GPU 0000:01:00.0: RmInitAdapter failed! (0x23:0xffff:643)
[   27.828837] NVRM: GPU 0000:01:00.0: rm_init_adapter failed, device minor number 0




Without GPU card inserted
root@intel-socfpga-64:~# dmesg
[    0.000000] Booting Linux on physical CPU 0x0000000000 [0x410fd034]
[    0.000000] Linux version 5.10.35-yocto-standard (oe-user@oe-host) (aarch64-wrs-linux-gcc (GCC) 10.2.0, GNU ld (GNU Binutils) 2.36.1.20210209) #1 SMP PREEMPT Wed May 12 08:49:49 UTC 2021
[    0.000000] Machine model: SoCFPGA Stratix 10 SoCDK
[    0.000000] earlycon: uart0 at MMIO32 0x00000000ffc02000 (options '115200n8')
[    0.000000] printk: bootconsole [uart0] enabled
[    0.000000] efi: UEFI not found.
[    0.000000] Reserved memory: created DMA memory pool at 0x0000000000000000, size 16 MiB
[    0.000000] OF: reserved mem: initialized node svcbuffer@0, compatible id shared-dma-pool
[    0.000000] cma: Reserved 16 MiB at 0x000000007e800000
[    0.000000] Zone ranges:
[    0.000000]   DMA      [mem 0x0000000000000000-0x00000000ffffffff]
[    0.000000]   DMA32    empty
[    0.000000]   Normal   [mem 0x0000000100000000-0x00000001ffffffff]
[    0.000000] Movable zone start for each node
[    0.000000] Early memory node ranges
[    0.000000]   node   0: [mem 0x0000000000000000-0x0000000000ffffff]
[    0.000000]   node   0: [mem 0x0000000001000000-0x000000007fffffff]
[    0.000000]   node   0: [mem 0x0000000180000000-0x00000001ffffffff]
[    0.000000] Initmem setup node 0 [mem 0x0000000000000000-0x00000001ffffffff]
[    0.000000] On node 0 totalpages: 1048576
[    0.000000]   DMA zone: 8192 pages used for memmap
[    0.000000]   DMA zone: 0 pages reserved
[    0.000000]   DMA zone: 524288 pages, LIFO batch:63
[    0.000000]   Normal zone: 8192 pages used for memmap
[    0.000000]   Normal zone: 524288 pages, LIFO batch:63
[    0.000000] psci: probing for conduit method from DT.
[    0.000000] psci: PSCIv65535.65535 detected in firmware.
[    0.000000] psci: Using standard PSCI v0.2 function IDs
[    0.000000] psci: MIGRATE_INFO_TYPE not supported.
[    0.000000] psci: SMC Calling Convention v1.0
[    0.000000] percpu: Embedded 30 pages/cpu s82008 r8192 d32680 u122880
[    0.000000] pcpu-alloc: s82008 r8192 d32680 u122880 alloc=30*4096
[    0.000000] pcpu-alloc: [0] 0 [0] 1 [0] 2 [0] 3 
[    0.000000] Detected VIPT I-cache on CPU0
[    0.000000] CPU features: detected: ARM erratum 845719
[    0.000000] Built 1 zonelists, mobility grouping on.  Total pages: 1032192
[    0.000000] Kernel command line: earlycon panic=-1 root=/dev/mmcblk0p2 rw rootwait
[    0.000000] Dentry cache hash table entries: 524288 (order: 10, 4194304 bytes, linear)
[    0.000000] Inode-cache hash table entries: 262144 (order: 9, 2097152 bytes, linear)
[    0.000000] mem auto-init: stack:off, heap alloc:off, heap free:off
[    0.000000] software IO TLB: mapped [mem 0x000000007a800000-0x000000007e800000] (64MB)
[    0.000000] Memory: 3993020K/4194304K available (12416K kernel code, 1952K rwdata, 2936K rodata, 3968K init, 707K bss, 184900K reserved, 16384K cma-reserved)
[    0.000000] SLUB: HWalign=64, Order=0-3, MinObjects=0, CPUs=4, Nodes=1
[    0.000000] ftrace: allocating 38327 entries in 150 pages
[    0.000000] ftrace: allocated 150 pages with 4 groups
[    0.000000] rcu: Preemptible hierarchical RCU implementation.
[    0.000000] rcu: 	RCU event tracing is enabled.
[    0.000000] 	Trampoline variant of Tasks RCU enabled.
[    0.000000] 	Rude variant of Tasks RCU enabled.
[    0.000000] 	Tracing variant of Tasks RCU enabled.
[    0.000000] rcu: RCU calculated value of scheduler-enlistment delay is 25 jiffies.
[    0.000000] NR_IRQS: 64, nr_irqs: 64, preallocated irqs: 0
[    0.000000] GIC: Using split EOI/Deactivate mode
[    0.000000] random: get_random_bytes called from start_kernel+0x398/0x5a0 with crng_init=0
[    0.000000] arch_timer: cp15 timer(s) running at 400.00MHz (phys).
[    0.000000] clocksource: arch_sys_counter: mask: 0xffffffffffffff max_cycles: 0x5c4093a7d1, max_idle_ns: 440795210635 ns
[    0.000005] sched_clock: 56 bits at 400MHz, resolution 2ns, wraps every 4398046511103ns
[    0.006867] Console: colour dummy device 80x25
[    0.009997] printk: console [tty0] enabled
[    0.012790] printk: bootconsole [uart0] disabled
[    0.016119] Calibrating delay loop (skipped), value calculated using timer frequency.. 800.00 BogoMIPS (lpj=1600000)
[    0.016143] pid_max: default: 32768 minimum: 301
[    0.016255] LSM: Security Framework initializing
[    0.016431] Mount-cache hash table entries: 8192 (order: 4, 65536 bytes, linear)
[    0.016465] Mountpoint-cache hash table entries: 8192 (order: 4, 65536 bytes, linear)
[    0.018380] rcu: Hierarchical SRCU implementation.
[    0.018916] EFI services will not be available.
[    0.019157] smp: Bringing up secondary CPUs ...
[    0.019696] Detected VIPT I-cache on CPU1
[    0.019759] CPU1: Booted secondary processor 0x0000000001 [0x410fd034]
[    0.020370] Detected VIPT I-cache on CPU2
[    0.020403] CPU2: Booted secondary processor 0x0000000002 [0x410fd034]
[    0.021011] Detected VIPT I-cache on CPU3
[    0.021042] CPU3: Booted secondary processor 0x0000000003 [0x410fd034]
[    0.021146] smp: Brought up 1 node, 4 CPUs
[    0.021190] SMP: Total of 4 processors activated.
[    0.021201] CPU features: detected: 32-bit EL0 Support
[    0.021214] CPU features: detected: CRC32 instructions
[    0.021274] CPU: All CPU(s) started at EL2
[    0.021303] alternatives: patching kernel code
[    0.022054] devtmpfs: initialized
[    0.025872] clocksource: jiffies: mask: 0xffffffff max_cycles: 0xffffffff, max_idle_ns: 7645041785100000 ns
[    0.025907] futex hash table entries: 1024 (order: 4, 65536 bytes, linear)
[    0.027053] DMI not present or invalid.
[    0.027528] NET: Registered protocol family 16
[    0.029224] DMA: preallocated 512 KiB GFP_KERNEL pool for atomic allocations
[    0.029410] DMA: preallocated 512 KiB GFP_KERNEL|GFP_DMA pool for atomic allocations
[    0.029759] DMA: preallocated 512 KiB GFP_KERNEL|GFP_DMA32 pool for atomic allocations
[    0.030435] cpuidle: using governor ladder
[    0.030527] hw-breakpoint: found 6 breakpoint and 4 watchpoint registers.
[    0.030630] ASID allocator initialised with 65536 entries
[    0.117031] raid6: neonx8   gen()  1739 MB/s
[    0.185120] raid6: neonx8   xor()  1287 MB/s
[    0.253233] raid6: neonx4   gen()  1787 MB/s
[    0.321337] raid6: neonx4   xor()  1263 MB/s
[    0.389451] raid6: neonx2   gen()  1683 MB/s
[    0.457558] raid6: neonx2   xor()  1165 MB/s
[    0.525669] raid6: neonx1   gen()  1446 MB/s
[    0.593781] raid6: neonx1   xor()   989 MB/s
[    0.661877] raid6: int64x8  gen()  1198 MB/s
[    0.729979] raid6: int64x8  xor()   642 MB/s
[    0.798095] raid6: int64x4  gen()  1335 MB/s
[    0.866220] raid6: int64x4  xor()   681 MB/s
[    0.934286] raid6: int64x2  gen()  1166 MB/s
[    1.002358] raid6: int64x2  xor()   624 MB/s
[    1.070463] raid6: int64x1  gen()   863 MB/s
[    1.138530] raid6: int64x1  xor()   431 MB/s
[    1.138541] raid6: using algorithm neonx4 gen() 1787 MB/s
[    1.138553] raid6: .... xor() 1263 MB/s, rmw enabled
[    1.138565] raid6: using neon recovery algorithm
[    1.139609] iommu: Default domain type: Translated 
[    1.139808] vgaarb: loaded
[    1.140042] SCSI subsystem initialized
[    1.140267] usbcore: registered new interface driver usbfs
[    1.140325] usbcore: registered new interface driver hub
[    1.140370] usbcore: registered new device driver usb
[    1.140518] usb_phy_generic soc:usbphy@0: supply vcc not found, using dummy regulator
[    1.140995] pps_core: LinuxPPS API ver. 1 registered
[    1.141009] pps_core: Software ver. 5.3.6 - Copyright 2005-2007 Rodolfo Giometti <giometti@linux.it>
[    1.141037] PTP clock support registered
[    1.141225] EDAC MC: Ver: 3.0.0
[    1.142283] Intel Service Layer Driver Initialized
[    1.142429] FPGA manager framework
[    1.143436] clocksource: Switched to clocksource arch_sys_counter
[    1.899192] NET: Registered protocol family 2
[    1.899899] tcp_listen_portaddr_hash hash table entries: 2048 (order: 3, 32768 bytes, linear)
[    1.900027] TCP established hash table entries: 32768 (order: 6, 262144 bytes, linear)
[    1.900287] TCP bind hash table entries: 32768 (order: 7, 524288 bytes, linear)
[    1.900779] TCP: Hash tables configured (established 32768 bind 32768)
[    1.900915] UDP hash table entries: 2048 (order: 4, 65536 bytes, linear)
[    1.901016] UDP-Lite hash table entries: 2048 (order: 4, 65536 bytes, linear)
[    1.901268] NET: Registered protocol family 1
[    1.901750] RPC: Registered named UNIX socket transport module.
[    1.901764] RPC: Registered udp transport module.
[    1.901774] RPC: Registered tcp transport module.
[    1.901785] RPC: Registered tcp NFSv4.1 backchannel transport module.
[    1.901807] PCI: CLS 0 bytes, default 64
[    1.902812] hw perfevents: enabled with armv8_pmuv3 PMU driver, 7 counters available
[    1.904340] workingset: timestamp_bits=46 max_order=20 bucket_order=0
[    1.911748] NFS: Registering the id_resolver key type
[    1.911787] Key type id_resolver registered
[    1.911798] Key type id_legacy registered
[    1.912476] Key type cifs.idmap registered
[    1.957359] xor: measuring software checksum speed
[    1.962402]    8regs           :  1968 MB/sec
[    1.966642]    32regs          :  2331 MB/sec
[    1.972374]    arm64_neon      :  1726 MB/sec
[    1.972386] xor: using function: 32regs (2331 MB/sec)
[    1.972404] async_tx: api initialized (async)
[    1.972450] Block layer SCSI generic (bsg) driver version 0.4 loaded (major 248)
[    1.972467] io scheduler mq-deadline registered
[    1.972479] io scheduler kyber registered
[    1.973065] gpio-dwapb ffc03300.gpio: Cannot get reset descriptor
[    1.973493] altera-pcie a0000000.pcie: host bridge /soc/bridge@80000000/pcie@200000000 ranges:
[    1.973556] altera-pcie a0000000.pcie:      MEM 0x0090000000..0x0097ffffff -> 0x0000000000
[    1.973813] altera-pcie a0000000.pcie: PCI host bridge to bus 0000:00
[    1.973835] pci_bus 0000:00: root bus resource [bus 00-ff]
[    1.973852] pci_bus 0000:00: root bus resource [mem 0x90000000-0x97ffffff] (bus address [0x00000000-0x07ffffff])
[    1.973932] pci 0000:00:00.0: [1172:e000] type 01 class 0x060400
[    1.974011] pci 0000:00:00.0: enabling Extended Tags
[    1.975288] pci 0000:00:00.0: bridge configuration invalid ([bus 00-00]), reconfiguring
[    1.976312] pci_bus 0000:01: busn_res: [bus 01-ff] end is updated to 01
[    1.976348] pci 0000:00:00.0: PCI bridge to [bus 01]
[    1.976714] pcieport 0000:00:00.0: PME: Signaling with IRQ 42
[    1.977925] Serial: 8250/16550 driver, 4 ports, IRQ sharing enabled
[    1.979252] ffc02000.serial: ttyS0 at MMIO 0xffc02000 (irq = 33, base_baud = 6250000) is a 16550A
[    2.669401] printk: console [ttyS0] enabled
[    2.673396] cacheinfo: Unable to detect cache hierarchy for CPU 0
[    2.685690] brd: module loaded
[    2.696149] loop: module loaded
[    2.711555] spi-nor spi0.0: mt25qu02g (262144 Kbytes)
[    2.715337] 2 fixed-partitions partitions found on MTD device ff8d2000.spi.0
[    2.721076] Creating 2 MTD partitions on "ff8d2000.spi.0":
[    2.725259] 0x000000910000-0x000100010000 : "Boot and fpga data"
[    2.729958] mtd: partition "Boot and fpga data" extends beyond the end of device "ff8d2000.spi.0" -- size truncated to 0xf6f0000
[    2.744388] 0x000003fe0000-0x000010000000 : "Root Filesystem - JFFS2"
[    2.757242] libphy: Fixed MDIO Bus: probed
[    2.760501] socfpga-dwmac ff800000.ethernet: IRQ eth_wake_irq not found
[    2.765810] socfpga-dwmac ff800000.ethernet: IRQ eth_lpi not found
[    2.771060] socfpga-dwmac ff800000.ethernet: User ID: 0x11, Synopsys ID: 0x37
[    2.776892] socfpga-dwmac ff800000.ethernet: 	DWMAC1000
[    2.780814] socfpga-dwmac ff800000.ethernet: DMA HW capability register supported
[    2.786981] socfpga-dwmac ff800000.ethernet: RX Checksum Offload Engine supported
[    2.793177] socfpga-dwmac ff800000.ethernet: COE Type 2
[    2.797097] socfpga-dwmac ff800000.ethernet: TX Checksum insertion supported
[    2.802832] socfpga-dwmac ff800000.ethernet: Enhanced/Alternate descriptors
[    2.808480] socfpga-dwmac ff800000.ethernet: Enabled extended descriptors
[    2.813955] socfpga-dwmac ff800000.ethernet: Ring mode enabled
[    2.818485] socfpga-dwmac ff800000.ethernet: Enable RX Mitigation via HW Watchdog Timer
[    2.825180] socfpga-dwmac ff800000.ethernet: device MAC address 2a:49:56:7b:2f:38
[    2.831832] libphy: stmmac: probed
[    2.836838] dwc2 ffb00000.usb: supply vusb_d not found, using dummy regulator
[    2.842803] dwc2 ffb00000.usb: supply vusb_a not found, using dummy regulator
[    2.848959] dwc2 ffb00000.usb: EPs: 16, dedicated fifos, 8064 entries in SPRAM
[    2.855152] dwc2 ffb00000.usb: DWC OTG Controller
[    2.858607] dwc2 ffb00000.usb: new USB bus registered, assigned bus number 1
[    2.864370] dwc2 ffb00000.usb: irq 34, io mem 0xffb00000
[    2.869051] hub 1-0:1.0: USB hub found
[    2.871540] hub 1-0:1.0: 1 port detected
[    2.875549] ehci_hcd: USB 2.0 'Enhanced' Host Controller (EHCI) Driver
[    2.880798] ehci-pci: EHCI PCI platform driver
[    2.883981] ehci-platform: EHCI generic platform driver
[    2.888304] usbcore: registered new interface driver usb-storage
[    2.893896] i2c /dev entries driver
[    2.897191] device-mapper: ioctl: 4.43.0-ioctl (2020-10-01) initialised: dm-devel@redhat.com
[    2.905160] EDAC DEVICE0: Giving out device to module sdramedac controller Altera ECC Manager: DEV sdramedac (INTERRUPT)
[    2.915040] sdhci: Secure Digital Host Controller Interface driver
[    2.919917] sdhci: Copyright(c) Pierre Ossman
[    2.922962] Synopsys Designware Multimedia Card Interface Driver
[    2.927773] sdhci-pltfm: SDHCI platform and OF driver helper
[    2.927913] dw_mmc ff808000.dwmmc0: IDMAC supports 32-bit address mode.
[    2.935741] usbcore: registered new interface driver usbhid
[    2.937461] dw_mmc ff808000.dwmmc0: Using internal DMA controller.
[    2.941684] usbhid: USB HID core driver
[    2.946550] dw_mmc ff808000.dwmmc0: Version ID is 280a
[    2.949352] fpga_manager fpga0: Stratix10 SOC FPGA Manager registered
[    2.952945] dw_mmc ff808000.dwmmc0: DW MMC controller at irq 19,32 bit host data width,1024 deep fifo
[    2.958142] u32 classifier
[    2.966131] mmc_host mmc0: card is polling.
[    2.967318]     input device check on
[    2.972550]     Actions configured
[    2.975270] NET: Registered protocol family 10
[    2.979439] Segment Routing with IPv6
[    2.981853] sit: IPv6, IPv4 and MPLS over IPv4 tunneling driver
[    2.982847] mmc_host mmc0: Bus speed (slot 0) = 50000000Hz (slot req 400000Hz, actual 396825HZ div = 63)
[    2.986989] NET: Registered protocol family 17
[    2.997811] Bridge firewalling registered
[    3.000627] Key type dns_resolver registered
[    3.003742] NET: Registered protocol family 40
[    3.007275] Key type ._fscrypt registered
[    3.009989] Key type .fscrypt registered
[    3.012610] Key type fscrypt-provisioning registered
[    3.017208] Btrfs loaded, crc32c=crc32c-generic
[    3.021352] Key type encrypted registered
[    3.027042] dma-pl330 ffda0000.pdma: Loaded driver for PL330 DMAC-341330
[    3.032444] dma-pl330 ffda0000.pdma: 	DBUFF-512x8bytes Num_Chans-8 Num_Peri-32 Num_Events-8
[    3.042681] mmc_host mmc0: Bus speed (slot 0) = 50000000Hz (slot req 50000000Hz, actual 50000000HZ div = 0)
[    3.049104] at24 0-0051: supply vcc not found, using dummy regulator
[    3.051174] mmc0: new high speed SDXC card at address 0001
[    3.056910] at24 0-0051: 4096 byte 24c32 EEPROM, writable, 32 bytes/write
[    3.060989] mmcblk0: mmc0:0001 SD64G 58.2 GiB 
[    3.067186] rtc-ds1307 0-0068: SET TIME!
[    3.072827]  mmcblk0: p1 p2
[    3.073796] rtc-ds1307 0-0068: registered as rtc0
[    3.078743] rtc-ds1307 0-0068: setting system clock to 2000-01-01T00:00:13 UTC (946684813)
[    3.086064] of-fpga-region soc:base_fpga_region: FPGA Region probed
[    3.092367] printk: console [netcon0] enabled
[    3.095413] netconsole: network logging started
[    3.098664] of_cfs_init
[    3.099924] of_cfs_init: OK
[    3.101826] dw-apb-uart ffc02000.serial: forbid DMA for kernel console
[    3.107104] md: Waiting for all devices to be available before autodetect
[    3.112614] md: If you don't use raid, use raid=noautodetect
[    3.116977] md: Autodetecting RAID arrays.
[    3.119775] md: autorun ...
[    3.121264] md: ... autorun DONE.
[    3.209635] random: fast init done
[    3.614677] EXT4-fs (mmcblk0p2): recovery complete
[    3.619389] EXT4-fs (mmcblk0p2): mounted filesystem with ordered data mode. Opts: (null)
[    3.626244] VFS: Mounted root (ext4 filesystem) on device 179:2.
[    3.631981] devtmpfs: mounted
[    3.637982] Freeing unused kernel memory: 3968K
[    3.641345] Run /sbin/init as init process
[    3.644145]   with arguments:
[    3.644149]     /sbin/init
[    3.644153]   with environment:
[    3.644157]     HOME=/
[    3.644161]     TERM=linux
[    3.719565] usb 1-1: new high-speed USB device number 2 using dwc2
[    3.944446] usb-storage 1-1:1.0: USB Mass Storage device detected
[    3.950073] scsi host0: usb-storage 1-1:1.0
[    4.014049] systemd[1]: System time before build time, advancing clock.
[    4.078405] systemd[1]: systemd 247.4+ running in system mode. (+PAM -AUDIT -SELINUX +IMA -APPARMOR -SMACK +SYSVINIT +UTMP -LIBCRYPTSETUP -GCRYPT -GNUTLS +ACL +XZ -LZ4 -ZSTD -SECCOMP +BLKID -ELFUTILS +KMOD -IDN2 -IDN -PCRE2 default-hierarchy=hybrid)
[    4.099755] systemd[1]: Detected architecture arm64.
[    4.144337] systemd[1]: Set hostname to <intel-socfpga-64>.
[    4.625123] systemd[1]: Queued start job for default target Graphical Interface.
[    4.632567] random: systemd: uninitialized urandom read (16 bytes read)
[    4.671423] systemd[1]: Created slice system-getty.slice.
[    4.687614] random: systemd: uninitialized urandom read (16 bytes read)
[    4.694574] systemd[1]: Created slice system-modprobe.slice.
[    4.707557] random: systemd: uninitialized urandom read (16 bytes read)
[    4.714344] systemd[1]: Created slice system-serial\x2dgetty.slice.
[    4.733094] systemd[1]: Created slice User and Session Slice.
[    4.747878] systemd[1]: Started Dispatch Password Requests to Console Directory Watch.
[    4.763728] systemd[1]: Started Forward Password Requests to Wall Directory Watch.
[    4.779857] systemd[1]: Reached target Paths.
[    4.791571] systemd[1]: Reached target Remote File Systems.
[    4.807566] systemd[1]: Reached target Slices.
[    4.819596] systemd[1]: Reached target Swap.
[    4.849057] systemd[1]: Listening on RPCbind Server Activation Socket.
[    4.863697] systemd[1]: Reached target RPC Port Mapper.
[    4.881019] systemd[1]: Listening on Syslog Socket.
[    4.895840] systemd[1]: Listening on initctl Compatibility Named Pipe.
[    4.923018] systemd[1]: Condition check resulted in Journal Audit Socket being skipped.
[    4.930394] systemd[1]: Listening on Journal Socket (/dev/log).
[    4.952130] systemd[1]: Listening on Journal Socket.
[    4.964369] scsi 0:0:0:0: Direct-Access     Generic- SD/MMC           1.00 PQ: 0 ANSI: 0 CCS
[    4.976319] systemd[1]: Listening on Network Service Netlink Socket.
[    4.992172] systemd[1]: Listening on udev Control Socket.
[    5.007900] systemd[1]: Listening on udev Kernel Socket.
[    5.027875] systemd[1]: Listening on User Database Manager Socket.
[    5.048068] systemd[1]: Condition check resulted in Huge Pages File System being skipped.
[    5.058748] systemd[1]: Mounting POSIX Message Queue File System...
[    5.083711] systemd[1]: Mounting Kernel Debug File System...
[    5.107628] systemd[1]: Mounting Kernel Trace File System...
[    5.132468] systemd[1]: Mounting Temporary Directory (/tmp)...
[    5.152835] systemd[1]: Starting Create list of static device nodes for the current kernel...
[    5.175840] systemd[1]: Starting Load Kernel Module configfs...
[    5.195693] systemd[1]: Starting Load Kernel Module drm...
[    5.215643] systemd[1]: Starting Load Kernel Module fuse...
[    5.234835] fuse: init (API version 7.32)
[    5.236512] systemd[1]: Starting RPC Bind...
[    5.255772] systemd[1]: Condition check resulted in File System Check on Root Device being skipped.
[    5.270339] systemd[1]: Starting Journal Service...
[    5.298435] systemd[1]: Starting Load Kernel Modules...
[    5.315990] systemd[1]: Starting Remount Root and Kernel File Systems...
[    5.340723] systemd[1]: Starting Coldplug All udev Devices...
[    5.351668] EXT4-fs (mmcblk0p2): re-mounted. Opts: (null)
[    5.368671] systemd[1]: Started RPC Bind.
[    5.369053] openvswitch: Open vSwitch switching datapath
[    5.388399] systemd[1]: Started Journal Service.
[    5.596673] sd 0:0:0:0: [sda] 30244864 512-byte logical blocks: (15.5 GB/14.4 GiB)
[    5.607583] sd 0:0:0:0: [sda] Write Protect is off
[    5.609423] systemd-journald[143]: Received client request to flush runtime journal.
[    5.611097] sd 0:0:0:0: [sda] Mode Sense: 03 00 00 00
[    5.618231] sd 0:0:0:0: [sda] No Caching mode page found
[    5.627061] sd 0:0:0:0: [sda] Assuming drive cache: write through
[    5.669948]  sda: sda1
[    5.673733] sd 0:0:0:0: [sda] Attached SCSI removable disk
[    7.607500] random: crng init done
[    7.609629] random: 7 urandom warning(s) missed due to ratelimiting
[    9.327482] socfpga-dwmac ff800000.ethernet eth0: PHY [stmmac-0:04] driver [Micrel KSZ9031 Gigabit PHY] (irq=POLL)
[    9.359493] socfpga-dwmac ff800000.ethernet eth0: No Safety Features support found
[    9.365794] socfpga-dwmac ff800000.ethernet eth0: IEEE 1588-2008 Advanced Timestamp supported
[    9.384246] socfpga-dwmac ff800000.ethernet eth0: registered PTP clock
[    9.393088] socfpga-dwmac ff800000.ethernet eth0: configuring for phy/rgmii link mode
[   11.461151] socfpga-dwmac ff800000.ethernet eth0: Link is Up - 100Mbps/Full - flow control rx/tx
[   11.468698] IPv6: ADDRCONF(NETDEV_CHANGE): eth0: link becomes ready



https://rocketboards.org/foswiki/Projects/Stratix10PCIeRootPortWithMSI


$ cd ~
$ git clone https://github.com/altera-opensource/linux-socfpga
$ cd linux-socfpga
$ git checkout ACDS19.3_REL_GSRD_PR -b mybranch
$ git apply arm64_dts_add_stratix_10_PCIe_node.patch
$ make defconfig
$ make menuconfig


after change dtb

root@intel-socfpga-64:~# dmesg   
[    0.000000] Booting Linux on physical CPU 0x0000000000 [0x410fd034]
[    0.000000] Linux version 5.10.35-yocto-standard (oe-user@oe-host) (aarch64-wrs-linux-gcc (GCC) 10.2.0, GNU ld (GNU Binutils) 2.36.1.20210209) #1 SMP PREEMPT Wed May 12 08:49:49 UTC 2021
[    0.000000] Machine model: SoCFPGA Stratix 10 SoCDK
[    0.000000] earlycon: uart0 at MMIO32 0x00000000ffc02000 (options '115200n8')
[    0.000000] printk: bootconsole [uart0] enabled
[    0.000000] efi: UEFI not found.
[    0.000000] Reserved memory: created DMA memory pool at 0x0000000000000000, size 16 MiB
[    0.000000] OF: reserved mem: initialized node svcbuffer@0, compatible id shared-dma-pool
[    0.000000] cma: Reserved 16 MiB at 0x000000007e800000
[    0.000000] Zone ranges:
[    0.000000]   DMA      [mem 0x0000000000000000-0x00000000ffffffff]
[    0.000000]   DMA32    empty
[    0.000000]   Normal   [mem 0x0000000100000000-0x00000001ffffffff]
[    0.000000] Movable zone start for each node
[    0.000000] Early memory node ranges
[    0.000000]   node   0: [mem 0x0000000000000000-0x0000000000ffffff]
[    0.000000]   node   0: [mem 0x0000000001000000-0x000000007fffffff]
[    0.000000]   node   0: [mem 0x0000000180000000-0x00000001ffffffff]
[    0.000000] Initmem setup node 0 [mem 0x0000000000000000-0x00000001ffffffff]
[    0.000000] On node 0 totalpages: 1048576
[    0.000000]   DMA zone: 8192 pages used for memmap
[    0.000000]   DMA zone: 0 pages reserved
[    0.000000]   DMA zone: 524288 pages, LIFO batch:63
[    0.000000]   Normal zone: 8192 pages used for memmap
[    0.000000]   Normal zone: 524288 pages, LIFO batch:63
[    0.000000] psci: probing for conduit method from DT.
[    0.000000] psci: PSCIv65535.65535 detected in firmware.
[    0.000000] psci: Using standard PSCI v0.2 function IDs
[    0.000000] psci: MIGRATE_INFO_TYPE not supported.
[    0.000000] psci: SMC Calling Convention v1.0
[    0.000000] percpu: Embedded 30 pages/cpu s82008 r8192 d32680 u122880
[    0.000000] pcpu-alloc: s82008 r8192 d32680 u122880 alloc=30*4096
[    0.000000] pcpu-alloc: [0] 0 [0] 1 [0] 2 [0] 3 
[    0.000000] Detected VIPT I-cache on CPU0
[    0.000000] CPU features: detected: ARM erratum 845719
[    0.000000] Built 1 zonelists, mobility grouping on.  Total pages: 1032192
[    0.000000] Kernel command line: earlycon panic=-1 root=/dev/mmcblk0p2 rw rootwait
[    0.000000] Dentry cache hash table entries: 524288 (order: 10, 4194304 bytes, linear)
[    0.000000] Inode-cache hash table entries: 262144 (order: 9, 2097152 bytes, linear)
[    0.000000] mem auto-init: stack:off, heap alloc:off, heap free:off
[    0.000000] software IO TLB: mapped [mem 0x000000007a800000-0x000000007e800000] (64MB)
[    0.000000] Memory: 3993020K/4194304K available (12416K kernel code, 1952K rwdata, 2936K rodata, 3968K init, 707K bss, 184900K reserved, 16384K cma-reserved)
[    0.000000] SLUB: HWalign=64, Order=0-3, MinObjects=0, CPUs=4, Nodes=1
[    0.000000] ftrace: allocating 38327 entries in 150 pages
[    0.000000] ftrace: allocated 150 pages with 4 groups
[    0.000000] rcu: Preemptible hierarchical RCU implementation.
[    0.000000] rcu: 	RCU event tracing is enabled.
[    0.000000] 	Trampoline variant of Tasks RCU enabled.
[    0.000000] 	Rude variant of Tasks RCU enabled.
[    0.000000] 	Tracing variant of Tasks RCU enabled.
[    0.000000] rcu: RCU calculated value of scheduler-enlistment delay is 25 jiffies.
[    0.000000] NR_IRQS: 64, nr_irqs: 64, preallocated irqs: 0
[    0.000000] GIC: Using split EOI/Deactivate mode
[    0.000000] random: get_random_bytes called from start_kernel+0x398/0x5a0 with crng_init=0
[    0.000000] arch_timer: cp15 timer(s) running at 400.00MHz (phys).
[    0.000000] clocksource: arch_sys_counter: mask: 0xffffffffffffff max_cycles: 0x5c4093a7d1, max_idle_ns: 440795210635 ns
[    0.000005] sched_clock: 56 bits at 400MHz, resolution 2ns, wraps every 4398046511103ns
[    0.006867] Console: colour dummy device 80x25
[    0.009997] printk: console [tty0] enabled
[    0.012790] printk: bootconsole [uart0] disabled
[    0.016118] Calibrating delay loop (skipped), value calculated using timer frequency.. 800.00 BogoMIPS (lpj=1600000)
[    0.016143] pid_max: default: 32768 minimum: 301
[    0.016254] LSM: Security Framework initializing
[    0.016433] Mount-cache hash table entries: 8192 (order: 4, 65536 bytes, linear)
[    0.016467] Mountpoint-cache hash table entries: 8192 (order: 4, 65536 bytes, linear)
[    0.018386] rcu: Hierarchical SRCU implementation.
[    0.018923] EFI services will not be available.
[    0.019165] smp: Bringing up secondary CPUs ...
[    0.019707] Detected VIPT I-cache on CPU1
[    0.019772] CPU1: Booted secondary processor 0x0000000001 [0x410fd034]
[    0.020383] Detected VIPT I-cache on CPU2
[    0.020418] CPU2: Booted secondary processor 0x0000000002 [0x410fd034]
[    0.021025] Detected VIPT I-cache on CPU3
[    0.021057] CPU3: Booted secondary processor 0x0000000003 [0x410fd034]
[    0.021167] smp: Brought up 1 node, 4 CPUs
[    0.021210] SMP: Total of 4 processors activated.
[    0.021222] CPU features: detected: 32-bit EL0 Support
[    0.021234] CPU features: detected: CRC32 instructions
[    0.021294] CPU: All CPU(s) started at EL2
[    0.021323] alternatives: patching kernel code
[    0.022074] devtmpfs: initialized
[    0.025873] clocksource: jiffies: mask: 0xffffffff max_cycles: 0xffffffff, max_idle_ns: 7645041785100000 ns
[    0.025908] futex hash table entries: 1024 (order: 4, 65536 bytes, linear)
[    0.027053] DMI not present or invalid.
[    0.027522] NET: Registered protocol family 16
[    0.029222] DMA: preallocated 512 KiB GFP_KERNEL pool for atomic allocations
[    0.029409] DMA: preallocated 512 KiB GFP_KERNEL|GFP_DMA pool for atomic allocations
[    0.029759] DMA: preallocated 512 KiB GFP_KERNEL|GFP_DMA32 pool for atomic allocations
[    0.030433] cpuidle: using governor ladder
[    0.030528] hw-breakpoint: found 6 breakpoint and 4 watchpoint registers.
[    0.030631] ASID allocator initialised with 65536 entries
[    0.117022] raid6: neonx8   gen()  1742 MB/s
[    0.185117] raid6: neonx8   xor()  1287 MB/s
[    0.253242] raid6: neonx4   gen()  1788 MB/s
[    0.321337] raid6: neonx4   xor()  1260 MB/s
[    0.389447] raid6: neonx2   gen()  1683 MB/s
[    0.457552] raid6: neonx2   xor()  1165 MB/s
[    0.525680] raid6: neonx1   gen()  1446 MB/s
[    0.593773] raid6: neonx1   xor()   990 MB/s
[    0.661876] raid6: int64x8  gen()  1198 MB/s
[    0.729978] raid6: int64x8  xor()   642 MB/s
[    0.798088] raid6: int64x4  gen()  1335 MB/s
[    0.866212] raid6: int64x4  xor()   679 MB/s
[    0.934287] raid6: int64x2  gen()  1165 MB/s
[    1.002373] raid6: int64x2  xor()   625 MB/s
[    1.070459] raid6: int64x1  gen()   863 MB/s
[    1.138531] raid6: int64x1  xor()   431 MB/s
[    1.138542] raid6: using algorithm neonx4 gen() 1788 MB/s
[    1.138554] raid6: .... xor() 1260 MB/s, rmw enabled
[    1.138565] raid6: using neon recovery algorithm
[    1.139609] iommu: Default domain type: Translated 
[    1.139807] vgaarb: loaded
[    1.140045] SCSI subsystem initialized
[    1.140270] usbcore: registered new interface driver usbfs
[    1.140327] usbcore: registered new interface driver hub
[    1.140374] usbcore: registered new device driver usb
[    1.140527] usb_phy_generic soc:usbphy@0: supply vcc not found, using dummy regulator
[    1.141005] pps_core: LinuxPPS API ver. 1 registered
[    1.141019] pps_core: Software ver. 5.3.6 - Copyright 2005-2007 Rodolfo Giometti <giometti@linux.it>
[    1.141046] PTP clock support registered
[    1.141237] EDAC MC: Ver: 3.0.0
[    1.142298] Intel Service Layer Driver Initialized
[    1.142443] FPGA manager framework
[    1.143443] clocksource: Switched to clocksource arch_sys_counter
[    1.899429] NET: Registered protocol family 2
[    1.900137] tcp_listen_portaddr_hash hash table entries: 2048 (order: 3, 32768 bytes, linear)
[    1.900269] TCP established hash table entries: 32768 (order: 6, 262144 bytes, linear)
[    1.900529] TCP bind hash table entries: 32768 (order: 7, 524288 bytes, linear)
[    1.901021] TCP: Hash tables configured (established 32768 bind 32768)
[    1.901161] UDP hash table entries: 2048 (order: 4, 65536 bytes, linear)
[    1.901263] UDP-Lite hash table entries: 2048 (order: 4, 65536 bytes, linear)
[    1.901513] NET: Registered protocol family 1
[    1.902001] RPC: Registered named UNIX socket transport module.
[    1.902016] RPC: Registered udp transport module.
[    1.902027] RPC: Registered tcp transport module.
[    1.902037] RPC: Registered tcp NFSv4.1 backchannel transport module.
[    1.902059] PCI: CLS 0 bytes, default 64
[    1.903058] hw perfevents: enabled with armv8_pmuv3 PMU driver, 7 counters available
[    1.904578] workingset: timestamp_bits=46 max_order=20 bucket_order=0
[    1.911989] NFS: Registering the id_resolver key type
[    1.912028] Key type id_resolver registered
[    1.912039] Key type id_legacy registered
[    1.912714] Key type cifs.idmap registered
[    1.957067] xor: measuring software checksum speed
[    1.962111]    8regs           :  1968 MB/sec
[    1.966352]    32regs          :  2331 MB/sec
[    1.972083]    arm64_neon      :  1726 MB/sec
[    1.972095] xor: using function: 32regs (2331 MB/sec)
[    1.972112] async_tx: api initialized (async)
[    1.972159] Block layer SCSI generic (bsg) driver version 0.4 loaded (major 248)
[    1.972176] io scheduler mq-deadline registered
[    1.972188] io scheduler kyber registered
[    1.972766] gpio-dwapb ffc03300.gpio: Cannot get reset descriptor
[    1.973197] altera-pcie a0000000.pcie: host bridge /soc/bridge@80000000/pcie@200000000 ranges:
[    1.973260] altera-pcie a0000000.pcie:      MEM 0x0090000000..0x0097ffffff -> 0x0000000000
[    1.973518] altera-pcie a0000000.pcie: PCI host bridge to bus 0000:00
[    1.973541] pci_bus 0000:00: root bus resource [bus 00-ff]
[    1.973558] pci_bus 0000:00: root bus resource [mem 0x90000000-0x97ffffff] (bus address [0x00000000-0x07ffffff])
[    1.973639] pci 0000:00:00.0: [1172:e000] type 01 class 0x060400
[    1.973717] pci 0000:00:00.0: enabling Extended Tags
[    1.974991] pci 0000:00:00.0: bridge configuration invalid ([bus 00-00]), reconfiguring
[    1.976016] pci_bus 0000:01: busn_res: [bus 01-ff] end is updated to 01
[    1.976052] pci 0000:00:00.0: PCI bridge to [bus 01]
[    1.976417] pcieport 0000:00:00.0: PME: Signaling with IRQ 42
[    1.977620] Serial: 8250/16550 driver, 4 ports, IRQ sharing enabled
[    1.978955] ffc02000.serial: ttyS0 at MMIO 0xffc02000 (irq = 33, base_baud = 6250000) is a 16550A
[    2.669089] printk: console [ttyS0] enabled
[    2.673079] cacheinfo: Unable to detect cache hierarchy for CPU 0
[    2.685375] brd: module loaded
[    2.695832] loop: module loaded
[    2.711562] spi-nor spi0.0: mt25qu02g (262144 Kbytes)
[    2.715342] 2 fixed-partitions partitions found on MTD device ff8d2000.spi.0
[    2.721082] Creating 2 MTD partitions on "ff8d2000.spi.0":
[    2.725264] 0x000000910000-0x000100010000 : "Boot and fpga data"
[    2.729963] mtd: partition "Boot and fpga data" extends beyond the end of device "ff8d2000.spi.0" -- size truncated to 0xf6f0000
[    2.744392] 0x000003fe0000-0x000010000000 : "Root Filesystem - JFFS2"
[    2.757256] libphy: Fixed MDIO Bus: probed
[    2.760513] socfpga-dwmac ff800000.ethernet: IRQ eth_wake_irq not found
[    2.765822] socfpga-dwmac ff800000.ethernet: IRQ eth_lpi not found
[    2.771073] socfpga-dwmac ff800000.ethernet: User ID: 0x11, Synopsys ID: 0x37
[    2.776905] socfpga-dwmac ff800000.ethernet: 	DWMAC1000
[    2.780827] socfpga-dwmac ff800000.ethernet: DMA HW capability register supported
[    2.786995] socfpga-dwmac ff800000.ethernet: RX Checksum Offload Engine supported
[    2.793190] socfpga-dwmac ff800000.ethernet: COE Type 2
[    2.797110] socfpga-dwmac ff800000.ethernet: TX Checksum insertion supported
[    2.802846] socfpga-dwmac ff800000.ethernet: Enhanced/Alternate descriptors
[    2.808494] socfpga-dwmac ff800000.ethernet: Enabled extended descriptors
[    2.813969] socfpga-dwmac ff800000.ethernet: Ring mode enabled
[    2.818500] socfpga-dwmac ff800000.ethernet: Enable RX Mitigation via HW Watchdog Timer
[    2.825195] socfpga-dwmac ff800000.ethernet: device MAC address 5e:4e:cb:b3:86:a7
[    2.831846] libphy: stmmac: probed
[    2.836868] dwc2 ffb00000.usb: supply vusb_d not found, using dummy regulator
[    2.842832] dwc2 ffb00000.usb: supply vusb_a not found, using dummy regulator
[    2.848988] dwc2 ffb00000.usb: EPs: 16, dedicated fifos, 8064 entries in SPRAM
[    2.855181] dwc2 ffb00000.usb: DWC OTG Controller
[    2.858635] dwc2 ffb00000.usb: new USB bus registered, assigned bus number 1
[    2.864399] dwc2 ffb00000.usb: irq 34, io mem 0xffb00000
[    2.869078] hub 1-0:1.0: USB hub found
[    2.871567] hub 1-0:1.0: 1 port detected
[    2.875575] ehci_hcd: USB 2.0 'Enhanced' Host Controller (EHCI) Driver
[    2.880824] ehci-pci: EHCI PCI platform driver
[    2.884008] ehci-platform: EHCI generic platform driver
[    2.888330] usbcore: registered new interface driver usb-storage
[    2.893918] i2c /dev entries driver
[    2.897215] device-mapper: ioctl: 4.43.0-ioctl (2020-10-01) initialised: dm-devel@redhat.com
[    2.905187] EDAC DEVICE0: Giving out device to module sdramedac controller Altera ECC Manager: DEV sdramedac (INTERRUPT)
[    2.915069] sdhci: Secure Digital Host Controller Interface driver
[    2.919946] sdhci: Copyright(c) Pierre Ossman
[    2.922991] Synopsys Designware Multimedia Card Interface Driver
[    2.927802] sdhci-pltfm: SDHCI platform and OF driver helper
[    2.927953] dw_mmc ff808000.dwmmc0: IDMAC supports 32-bit address mode.
[    2.935780] usbcore: registered new interface driver usbhid
[    2.937490] dw_mmc ff808000.dwmmc0: Using internal DMA controller.
[    2.941712] usbhid: USB HID core driver
[    2.946578] dw_mmc ff808000.dwmmc0: Version ID is 280a
[    2.949380] fpga_manager fpga0: Stratix10 SOC FPGA Manager registered
[    2.952971] dw_mmc ff808000.dwmmc0: DW MMC controller at irq 19,32 bit host data width,1024 deep fifo
[    2.958170] u32 classifier
[    2.966157] mmc_host mmc0: card is polling.
[    2.967346]     input device check on
[    2.972579]     Actions configured
[    2.975306] NET: Registered protocol family 10
[    2.979474] Segment Routing with IPv6
[    2.981889] sit: IPv6, IPv4 and MPLS over IPv4 tunneling driver
[    2.982876] mmc_host mmc0: Bus speed (slot 0) = 50000000Hz (slot req 400000Hz, actual 396825HZ div = 63)
[    2.987030] NET: Registered protocol family 17
[    2.997848] Bridge firewalling registered
[    3.000664] Key type dns_resolver registered
[    3.003784] NET: Registered protocol family 40
[    3.007310] Key type ._fscrypt registered
[    3.010024] Key type .fscrypt registered
[    3.012646] Key type fscrypt-provisioning registered
[    3.017243] Btrfs loaded, crc32c=crc32c-generic
[    3.021391] Key type encrypted registered
[    3.027077] dma-pl330 ffda0000.pdma: Loaded driver for PL330 DMAC-341330
[    3.032479] dma-pl330 ffda0000.pdma: 	DBUFF-512x8bytes Num_Chans-8 Num_Peri-32 Num_Events-8
[    3.042739] mmc_host mmc0: Bus speed (slot 0) = 50000000Hz (slot req 50000000Hz, actual 50000000HZ div = 0)
[    3.049122] at24 0-0051: supply vcc not found, using dummy regulator
[    3.051231] mmc0: new high speed SDXC card at address 0001
[    3.056970] at24 0-0051: 4096 byte 24c32 EEPROM, writable, 32 bytes/write
[    3.061046] mmcblk0: mmc0:0001 SD64G 58.2 GiB 
[    3.067232] rtc-ds1307 0-0068: SET TIME!
[    3.072884]  mmcblk0: p1 p2
[    3.073850] rtc-ds1307 0-0068: registered as rtc0
[    3.078814] rtc-ds1307 0-0068: setting system clock to 2000-01-01T00:00:14 UTC (946684814)
[    3.086148] of-fpga-region soc:base_fpga_region: FPGA Region probed
[    3.092473] printk: console [netcon0] enabled
[    3.095531] netconsole: network logging started
[    3.098751] of_cfs_init
[    3.100013] of_cfs_init: OK
[    3.101909] dw-apb-uart ffc02000.serial: forbid DMA for kernel console
[    3.107188] md: Waiting for all devices to be available before autodetect
[    3.112698] md: If you don't use raid, use raid=noautodetect
[    3.117060] md: Autodetecting RAID arrays.
[    3.119859] md: autorun ...
[    3.121348] md: ... autorun DONE.
[    3.215589] random: fast init done
[    3.376991] EXT4-fs (mmcblk0p2): recovery complete
[    3.384107] EXT4-fs (mmcblk0p2): mounted filesystem with ordered data mode. Opts: (null)
[    3.390959] VFS: Mounted root (ext4 filesystem) on device 179:2.
[    3.396625] devtmpfs: mounted
[    3.402627] Freeing unused kernel memory: 3968K
[    3.405984] Run /sbin/init as init process
[    3.408782]   with arguments:
[    3.408786]     /sbin/init
[    3.408790]   with environment:
[    3.408794]     HOME=/
[    3.408798]     TERM=linux
[    3.719491] usb 1-1: new high-speed USB device number 2 using dwc2
[    3.774181] systemd[1]: System time before build time, advancing clock.
[    3.837932] systemd[1]: systemd 247.4+ running in system mode. (+PAM -AUDIT -SELINUX +IMA -APPARMOR -SMACK +SYSVINIT +UTMP -LIBCRYPTSETUP -GCRYPT -GNUTLS +ACL +XZ -LZ4 -ZSTD -SECCOMP +BLKID -ELFUTILS +KMOD -IDN2 -IDN -PCRE2 default-hierarchy=hybrid)
[    3.859226] systemd[1]: Detected architecture arm64.
[    3.904265] systemd[1]: Set hostname to <intel-socfpga-64>.
[    3.945159] usb-storage 1-1:1.0: USB Mass Storage device detected
[    3.968155] scsi host0: usb-storage 1-1:1.0
[    4.375513] systemd[1]: Queued start job for default target Graphical Interface.
[    4.382969] random: systemd: uninitialized urandom read (16 bytes read)
[    4.422484] systemd[1]: Created slice system-getty.slice.
[    4.435635] random: systemd: uninitialized urandom read (16 bytes read)
[    4.442687] systemd[1]: Created slice system-modprobe.slice.
[    4.455572] random: systemd: uninitialized urandom read (16 bytes read)
[    4.462400] systemd[1]: Created slice system-serial\x2dgetty.slice.
[    4.481105] systemd[1]: Created slice User and Session Slice.
[    4.495902] systemd[1]: Started Dispatch Password Requests to Console Directory Watch.
[    4.511737] systemd[1]: Started Forward Password Requests to Wall Directory Watch.
[    4.527898] systemd[1]: Reached target Paths.
[    4.539595] systemd[1]: Reached target Remote File Systems.
[    4.555577] systemd[1]: Reached target Slices.
[    4.567608] systemd[1]: Reached target Swap.
[    4.596721] systemd[1]: Listening on RPCbind Server Activation Socket.
[    4.611718] systemd[1]: Reached target RPC Port Mapper.
[    4.629034] systemd[1]: Listening on Syslog Socket.
[    4.643820] systemd[1]: Listening on initctl Compatibility Named Pipe.
[    4.663082] systemd[1]: Condition check resulted in Journal Audit Socket being skipped.
[    4.670474] systemd[1]: Listening on Journal Socket (/dev/log).
[    4.684090] systemd[1]: Listening on Journal Socket.
[    4.700209] systemd[1]: Listening on Network Service Netlink Socket.
[    4.716165] systemd[1]: Listening on udev Control Socket.
[    4.731913] systemd[1]: Listening on udev Kernel Socket.
[    4.747929] systemd[1]: Listening on User Database Manager Socket.
[    4.764128] systemd[1]: Condition check resulted in Huge Pages File System being skipped.
[    4.774825] systemd[1]: Mounting POSIX Message Queue File System...
[    4.795781] systemd[1]: Mounting Kernel Debug File System...
[    4.815684] systemd[1]: Mounting Kernel Trace File System...
[    4.840508] systemd[1]: Mounting Temporary Directory (/tmp)...
[    4.860851] systemd[1]: Starting Create list of static device nodes for the current kernel...
[    4.883833] systemd[1]: Starting Load Kernel Module configfs...
[    4.903837] systemd[1]: Starting Load Kernel Module drm...
[    4.923710] systemd[1]: Starting Load Kernel Module fuse...
[    4.944219] systemd[1]: Starting RPC Bind...
[    4.948607] fuse: init (API version 7.32)
[    4.963892] systemd[1]: Condition check resulted in File System Check on Root Device being skipped.
[    4.978368] systemd[1]: Starting Journal Service...
[    4.996456] scsi 0:0:0:0: Direct-Access     Generic- SD/MMC           1.00 PQ: 0 ANSI: 0 CCS
[    5.013764] systemd[1]: Starting Load Kernel Modules...
[    5.032304] systemd[1]: Starting Remount Root and Kernel File Systems...
[    5.052360] systemd[1]: Starting Coldplug All udev Devices...
[    5.068597] EXT4-fs (mmcblk0p2): re-mounted. Opts: (null)
[    5.082374] systemd[1]: Started RPC Bind.
[    5.100416] systemd[1]: Mounted POSIX Message Queue File System.
[    5.108164] openvswitch: Open vSwitch switching datapath
[    5.120249] systemd[1]: Started Journal Service.
[    5.360095] systemd-journald[144]: Received client request to flush runtime journal.
[    5.608032] sd 0:0:0:0: [sda] 30244864 512-byte logical blocks: (15.5 GB/14.4 GiB)
[    5.614598] sd 0:0:0:0: [sda] Write Protect is off
[    5.618113] sd 0:0:0:0: [sda] Mode Sense: 03 00 00 00
[    5.619472] sd 0:0:0:0: [sda] No Caching mode page found
[    5.623524] sd 0:0:0:0: [sda] Assuming drive cache: write through
[    5.658340]  sda: sda1
[    5.662450] sd 0:0:0:0: [sda] Attached SCSI removable disk
[    6.203113] FAT-fs (mmcblk0p1): Volume was not properly unmounted. Some data may be corrupt. Please run fsck.
[    6.763516] random: crng init done
[    6.765642] random: 7 urandom warning(s) missed due to ratelimiting
[    8.855512] socfpga-dwmac ff800000.ethernet eth0: PHY [stmmac-0:04] driver [Micrel KSZ9031 Gigabit PHY] (irq=POLL)
[    8.891470] socfpga-dwmac ff800000.ethernet eth0: No Safety Features support found
[    8.897854] socfpga-dwmac ff800000.ethernet eth0: IEEE 1588-2008 Advanced Timestamp supported
[    8.915821] socfpga-dwmac ff800000.ethernet eth0: registered PTP clock
[    8.932113] socfpga-dwmac ff800000.ethernet eth0: configuring for phy/rgmii link mode
[   11.013112] socfpga-dwmac ff800000.ethernet eth0: Link is Up - 100Mbps/Full - flow control rx/tx
[   11.020667] IPv6: ADDRCONF(NETDEV_CHANGE): eth0: link becomes ready


Failed to run NVIDIA's GPU on Intel Stratix10 Board with the following errors in kernel

wrsadmin@pek-lliu2-d1:~$ ssh root@128.224.162.185
The authenticity of host '128.224.162.185 (128.224.162.185)' can't be established.
ECDSA key fingerprint is SHA256:ijma70Q7obpZ+HQNV3q6K9d4oEeDQNzWFPgwtwcXuT0.
Are you sure you want to continue connecting (yes/no/[fingerprint])? YES
Warning: Permanently added '128.224.162.185' (ECDSA) to the list of known hosts.
root@intel-socfpga-64:~# dmesg
[    0.000000] Booting Linux on physical CPU 0x0000000000 [0x410fd034]
[    0.000000] Linux version 5.10.35-yocto-standard (oe-user@oe-host) (aarch64-wrs-linux-gcc (GCC) 10.2.0, GNU ld (GNU Binutils) 2.36.1.20210209) #1 SMP PREEMPT Wed May 12 08:49:49 UTC 2021
[    0.000000] Machine model: SoCFPGA Stratix 10 SoCDK
[    0.000000] earlycon: uart0 at MMIO32 0x00000000ffc02000 (options '115200n8')
[    0.000000] printk: bootconsole [uart0] enabled
[    0.000000] efi: UEFI not found.
[    0.000000] Reserved memory: created DMA memory pool at 0x0000000000000000, size 16 MiB
[    0.000000] OF: reserved mem: initialized node svcbuffer@0, compatible id shared-dma-pool
[    0.000000] cma: Reserved 16 MiB at 0x000000007e800000
[    0.000000] Zone ranges:
[    0.000000]   DMA      [mem 0x0000000000000000-0x00000000ffffffff]
[    0.000000]   DMA32    empty
[    0.000000]   Normal   [mem 0x0000000100000000-0x00000001ffffffff]
[    0.000000] Movable zone start for each node
[    0.000000] Early memory node ranges
[    0.000000]   node   0: [mem 0x0000000000000000-0x0000000000ffffff]
[    0.000000]   node   0: [mem 0x0000000001000000-0x000000007fffffff]
[    0.000000]   node   0: [mem 0x0000000180000000-0x00000001ffffffff]
[    0.000000] Initmem setup node 0 [mem 0x0000000000000000-0x00000001ffffffff]
[    0.000000] On node 0 totalpages: 1048576
[    0.000000]   DMA zone: 8192 pages used for memmap
[    0.000000]   DMA zone: 0 pages reserved
[    0.000000]   DMA zone: 524288 pages, LIFO batch:63
[    0.000000]   Normal zone: 8192 pages used for memmap
[    0.000000]   Normal zone: 524288 pages, LIFO batch:63
[    0.000000] psci: probing for conduit method from DT.
[    0.000000] psci: PSCIv65535.65535 detected in firmware.
[    0.000000] psci: Using standard PSCI v0.2 function IDs
[    0.000000] psci: MIGRATE_INFO_TYPE not supported.
[    0.000000] psci: SMC Calling Convention v1.0
[    0.000000] percpu: Embedded 30 pages/cpu s82008 r8192 d32680 u122880
[    0.000000] pcpu-alloc: s82008 r8192 d32680 u122880 alloc=30*4096
[    0.000000] pcpu-alloc: [0] 0 [0] 1 [0] 2 [0] 3 
[    0.000000] Detected VIPT I-cache on CPU0
[    0.000000] CPU features: detected: ARM erratum 845719
[    0.000000] Built 1 zonelists, mobility grouping on.  Total pages: 1032192
[    0.000000] Kernel command line: earlycon panic=-1 root=/dev/mmcblk0p2 rw rootwait
[    0.000000] Dentry cache hash table entries: 524288 (order: 10, 4194304 bytes, linear)
[    0.000000] Inode-cache hash table entries: 262144 (order: 9, 2097152 bytes, linear)
[    0.000000] mem auto-init: stack:off, heap alloc:off, heap free:off
[    0.000000] software IO TLB: mapped [mem 0x000000007a800000-0x000000007e800000] (64MB)
[    0.000000] Memory: 3993020K/4194304K available (12416K kernel code, 1952K rwdata, 2936K rodata, 3968K init, 707K bss, 184900K reserved, 16384K cma-reserved)
[    0.000000] SLUB: HWalign=64, Order=0-3, MinObjects=0, CPUs=4, Nodes=1
[    0.000000] ftrace: allocating 38327 entries in 150 pages
[    0.000000] ftrace: allocated 150 pages with 4 groups
[    0.000000] rcu: Preemptible hierarchical RCU implementation.
[    0.000000] rcu: 	RCU event tracing is enabled.
[    0.000000] 	Trampoline variant of Tasks RCU enabled.
[    0.000000] 	Rude variant of Tasks RCU enabled.
[    0.000000] 	Tracing variant of Tasks RCU enabled.
[    0.000000] rcu: RCU calculated value of scheduler-enlistment delay is 25 jiffies.
[    0.000000] NR_IRQS: 64, nr_irqs: 64, preallocated irqs: 0
[    0.000000] GIC: Using split EOI/Deactivate mode
[    0.000000] random: get_random_bytes called from start_kernel+0x398/0x5a0 with crng_init=0
[    0.000000] arch_timer: cp15 timer(s) running at 400.00MHz (phys).
[    0.000000] clocksource: arch_sys_counter: mask: 0xffffffffffffff max_cycles: 0x5c4093a7d1, max_idle_ns: 440795210635 ns
[    0.000005] sched_clock: 56 bits at 400MHz, resolution 2ns, wraps every 4398046511103ns
[    0.006872] Console: colour dummy device 80x25
[    0.010001] printk: console [tty0] enabled
[    0.012794] printk: bootconsole [uart0] disabled
[    0.016122] Calibrating delay loop (skipped), value calculated using timer frequency.. 800.00 BogoMIPS (lpj=1600000)
[    0.016147] pid_max: default: 32768 minimum: 301
[    0.016258] LSM: Security Framework initializing
[    0.016436] Mount-cache hash table entries: 8192 (order: 4, 65536 bytes, linear)
[    0.016471] Mountpoint-cache hash table entries: 8192 (order: 4, 65536 bytes, linear)
[    0.018393] rcu: Hierarchical SRCU implementation.
[    0.018929] EFI services will not be available.
[    0.019172] smp: Bringing up secondary CPUs ...
[    0.019710] Detected VIPT I-cache on CPU1
[    0.019774] CPU1: Booted secondary processor 0x0000000001 [0x410fd034]
[    0.020383] Detected VIPT I-cache on CPU2
[    0.020416] CPU2: Booted secondary processor 0x0000000002 [0x410fd034]
[    0.021030] Detected VIPT I-cache on CPU3
[    0.021062] CPU3: Booted secondary processor 0x0000000003 [0x410fd034]
[    0.021166] smp: Brought up 1 node, 4 CPUs
[    0.021209] SMP: Total of 4 processors activated.
[    0.021221] CPU features: detected: 32-bit EL0 Support
[    0.021233] CPU features: detected: CRC32 instructions
[    0.021293] CPU: All CPU(s) started at EL2
[    0.021322] alternatives: patching kernel code
[    0.022074] devtmpfs: initialized
[    0.025876] clocksource: jiffies: mask: 0xffffffff max_cycles: 0xffffffff, max_idle_ns: 7645041785100000 ns
[    0.025911] futex hash table entries: 1024 (order: 4, 65536 bytes, linear)
[    0.027046] DMI not present or invalid.
[    0.027512] NET: Registered protocol family 16
[    0.029212] DMA: preallocated 512 KiB GFP_KERNEL pool for atomic allocations
[    0.029400] DMA: preallocated 512 KiB GFP_KERNEL|GFP_DMA pool for atomic allocations
[    0.029749] DMA: preallocated 512 KiB GFP_KERNEL|GFP_DMA32 pool for atomic allocations
[    0.030423] cpuidle: using governor ladder
[    0.030516] hw-breakpoint: found 6 breakpoint and 4 watchpoint registers.
[    0.030621] ASID allocator initialised with 65536 entries
[    0.117033] raid6: neonx8   gen()  1742 MB/s
[    0.185127] raid6: neonx8   xor()  1287 MB/s
[    0.253243] raid6: neonx4   gen()  1784 MB/s
[    0.321343] raid6: neonx4   xor()  1263 MB/s
[    0.389456] raid6: neonx2   gen()  1683 MB/s
[    0.457559] raid6: neonx2   xor()  1163 MB/s
[    0.525676] raid6: neonx1   gen()  1446 MB/s
[    0.593775] raid6: neonx1   xor()   990 MB/s
[    0.661878] raid6: int64x8  gen()  1198 MB/s
[    0.729979] raid6: int64x8  xor()   642 MB/s
[    0.798095] raid6: int64x4  gen()  1335 MB/s
[    0.866223] raid6: int64x4  xor()   681 MB/s
[    0.934294] raid6: int64x2  gen()  1165 MB/s
[    1.002394] raid6: int64x2  xor()   625 MB/s
[    1.070518] raid6: int64x1  gen()   863 MB/s
[    1.138611] raid6: int64x1  xor()   431 MB/s
[    1.138623] raid6: using algorithm neonx4 gen() 1784 MB/s
[    1.138634] raid6: .... xor() 1263 MB/s, rmw enabled
[    1.138646] raid6: using neon recovery algorithm
[    1.139641] iommu: Default domain type: Translated 
[    1.139830] vgaarb: loaded
[    1.140069] SCSI subsystem initialized
[    1.140308] usbcore: registered new interface driver usbfs
[    1.140359] usbcore: registered new interface driver hub
[    1.140405] usbcore: registered new device driver usb
[    1.140553] usb_phy_generic soc:usbphy@0: supply vcc not found, using dummy regulator
[    1.141035] pps_core: LinuxPPS API ver. 1 registered
[    1.141049] pps_core: Software ver. 5.3.6 - Copyright 2005-2007 Rodolfo Giometti <giometti@linux.it>
[    1.141077] PTP clock support registered
[    1.141273] EDAC MC: Ver: 3.0.0
[    1.142344] Intel Service Layer Driver Initialized
[    1.142492] FPGA manager framework
[    1.143552] clocksource: Switched to clocksource arch_sys_counter
[    1.899598] NET: Registered protocol family 2
[    1.900463] tcp_listen_portaddr_hash hash table entries: 2048 (order: 3, 32768 bytes, linear)
[    1.900534] TCP established hash table entries: 32768 (order: 6, 262144 bytes, linear)
[    1.900793] TCP bind hash table entries: 32768 (order: 7, 524288 bytes, linear)
[    1.901285] TCP: Hash tables configured (established 32768 bind 32768)
[    1.901424] UDP hash table entries: 2048 (order: 4, 65536 bytes, linear)
[    1.901525] UDP-Lite hash table entries: 2048 (order: 4, 65536 bytes, linear)
[    1.901780] NET: Registered protocol family 1
[    1.902256] RPC: Registered named UNIX socket transport module.
[    1.902271] RPC: Registered udp transport module.
[    1.902281] RPC: Registered tcp transport module.
[    1.902292] RPC: Registered tcp NFSv4.1 backchannel transport module.
[    1.902313] PCI: CLS 0 bytes, default 64
[    1.903333] hw perfevents: enabled with armv8_pmuv3 PMU driver, 7 counters available
[    1.904847] workingset: timestamp_bits=46 max_order=20 bucket_order=0
[    1.912190] NFS: Registering the id_resolver key type
[    1.912237] Key type id_resolver registered
[    1.912249] Key type id_legacy registered
[    1.912929] Key type cifs.idmap registered
[    1.955777] xor: measuring software checksum speed
[    1.960802]    8regs           :  1968 MB/sec
[    1.965042]    32regs          :  2331 MB/sec
[    1.970758]    arm64_neon      :  1726 MB/sec
[    1.970770] xor: using function: 32regs (2331 MB/sec)
[    1.970787] async_tx: api initialized (async)
[    1.970832] Block layer SCSI generic (bsg) driver version 0.4 loaded (major 248)
[    1.970849] io scheduler mq-deadline registered
[    1.970861] io scheduler kyber registered
[    1.971444] gpio-dwapb ffc03300.gpio: Cannot get reset descriptor
[    1.971907] altera-pcie a0000000.pcie: host bridge /soc/bridge@80000000/pcie@200000000 ranges:
[    1.971970] altera-pcie a0000000.pcie:      MEM 0x0090000000..0x0097ffffff -> 0x0000000000
[    1.972220] altera-pcie a0000000.pcie: PCI host bridge to bus 0000:00
[    1.972242] pci_bus 0000:00: root bus resource [bus 00-ff]
[    1.972259] pci_bus 0000:00: root bus resource [mem 0x90000000-0x97ffffff] (bus address [0x00000000-0x07ffffff])
[    1.972335] pci 0000:00:00.0: [1172:e000] type 01 class 0x060400
[    1.972410] pci 0000:00:00.0: enabling Extended Tags
[    1.973671] pci 0000:00:00.0: bridge configuration invalid ([bus 00-00]), reconfiguring
[    1.974083] pci 0000:01:00.0: [10de:2187] type 00 class 0x030000
[    1.974229] pci 0000:01:00.0: reg 0x10: [mem 0x90000000-0x90ffffff]
[    1.974348] pci 0000:01:00.0: reg 0x14: [mem 0x00000000-0x0fffffff 64bit pref]
[    1.974467] pci 0000:01:00.0: reg 0x1c: [mem 0x90000000-0x91ffffff 64bit pref]
[    1.974541] pci 0000:01:00.0: reg 0x24: [io  0x0000-0x007f]
[    1.974612] pci 0000:01:00.0: reg 0x30: [mem 0x90000000-0x9007ffff pref]
